Абия|Абии|Абии|Абию|Абией|Абии
Авия|Авии|Авии|Авию|Авией|Авии
Августа|Августы|Августе|Августу|Августой|Августе
Августина|Августины|Августине|Августину|Августиной|Августине
Авдотья|Авдотьи|Авдотье|Авдотью|Авдотьей|Авдотье
Авелина|Авелины|Авелине|Авелину|Авелиной|Авелине
Авентина|Авентины|Авентине|Авентину|Авентиной|Авентине
Авенира|Авениры|Авенире|Авениру|Авенирой|Авенире
Авиэтта|Авиэтты|Авиэтте|Авиэтту|Авиэттой|Авиэтте
Аврелия|Аврелии|Аврелии|Аврелию|Аврелией|Аврелии
Аврора|Авроры|Авроре|Аврору|Авророй|Авроре
Агапия|Агапии|Агапии|Агапию|Агапией|Агапии
Агапия|Агапии|Агапии|Агапию|Агапией|Агапии
Агата|Агаты|Агате|Агату|Агатой|Агате
Агафья|Агафьи|Агафье|Агафью|Агафьей|Агафье
Агафия|Агафии|Агафии|Агафию|Агафией|Агафии
Агафоника|Агафоники|Агафонике|Агафонику|Агафоникой|Агафонике
Аглаида|Аглаиды|Аглаиде|Аглаиду|Аглаидой|Аглаиде
Аглая|Аглаи|Аглае|Аглаю|Аглаей|Аглае
Агнеса|Агнесы|Агнесе|Агнесу|Агнесой|Агнесе
Агнесса|Агнессы|Агнессе|Агнессу|Агнессой|Агнессе
Агнета|Агнеты|Агнете|Агнету|Агнетой|Агнете
Агния|Агнии|Агнии|Агнию|Агнией|Агнии
Агриппина|Агриппины|Агриппине|Агриппину|Агриппиной|Агриппине
Аграфена|Аграфены|Аграфене|Аграфену|Аграфеной|Аграфене
Ада|Ады|Аде|Аду|Адой|Аде
Аделина|Аделины|Аделине|Аделину|Аделиной|Аделине
Адель|Адель|Адель|Адель|Адель|Адель
Аделия|Аделии|Аделии|Аделию|Аделией|Аделии
Аделаида|Аделаиды|Аделаиде|Аделаиду|Аделаидой|Аделаиде
Адолия|Адолии|Адолии|Адолию|Адолией|Адолии
Адрея|Адреи|Адрее|Адрею|Адреей|Адрее
Аза|Азы|Азе|Азу|Азой|Азе
Азалия|Азалии|Азалии|Азалию|Азалией|Азалии
Аида|Аиды|Аиде|Аиду|Аидой|Аиде
Айна|Айны|Айне|Айну|Айной|Айне
Акилина|Акилины|Акилине|Акилину|Акилиной|Акилине
Акулина|Акулины|Акулине|Акулину|Акулиной|Акулине
Аксинья|Аксиньи|Аксинье|Аксинью|Аксиньей|Аксинье
Алевтина|Алевтины|Алевтине|Алевтину|Алевтиной|Алевтине
Александра|Александры|Александре|Александру|Александрой|Александре
Александрина|Александрины|Александрине|Александрину|Александриной|Александрине
Алена|Алены|Алене|Алену|Аленой|Алене
Алина|Алины|Алине|Алину|Алиной|Алине
Алиса|Алисы|Алисе|Алису|Алисой|Алисе
Алия|Алии|Алие|Алию|Алией|Алие
Алла|Аллы|Алле|Аллу|Аллой|Алле
Альбина|Альбины|Альбине|Альбину|Альбиной|Альбине
Альвина|Альвины|Альвине|Альвину|Альвиной|Альвине
Альбертина|Альбертины|Альбертине|Альбертину|Альбертиной|Альбертине
Альдона|Альдоны|Альдоне|Альдону|Альдоной|Альдоне
Альма|Альмы|Альме|Альму|Альмой|Альме
Альфа|Альфы|Альфе|Альфу|Альфой|Альфе
Альфия|Альфии|Альфие|Альфию|Альфией|Альфие
Амалия|Амалии|Амалии|Амалию|Амалией|Амалии
Амата|Аматы|Амате|Амату|Аматой|Амате
Амина|Амины|Амине|Амину|Аминой|Амине
Анастасия|Анастасии|Анастасии|Анастасию|Анастасией|Анастасии
Анатолия|Анатолии|Анатолии|Анатолию|Анатолией|Анатолии
Ангела|Ангелы|Ангеле|Ангелу|Ангелой|Ангеле
Ангелина|Ангелины|Ангелине|Ангелину|Ангелиной|Ангелине
Ангелика|Ангелики|Ангелике|Ангелику|Ангеликой|Ангелике
Анжелика|Анжелики|Анжелике|Анжелику|Анжеликой|Анжелике
Андрея|Андреи|Андрее|Андрею|Андреей|Андрее
Андрона|Андроны|Андроне|Андрону|Андроной|Андроне
Анелия|Анелии|Анелии|Анелию|Анелией|Анелии
Анжела|Анжелы|Анжеле|Анжелу|Анжелой|Анжеле
Анджела|Анджелы|Анджеле|Анджелу|Анджелой|Анджеле
Анетта|Анетты|Анетте|Анетту|Анеттой|Анетте
Анимаиса|Анимаисы|Анимаисе|Анимаису|Анимаисой|Анимаисе
Анисия|Анисии|Анисии|Анисию|Анисией|Анисии
Анисья|Анисьи|Анисье|Анисью|Анисьей|Анисье
Анита|Аниты|Аните|Аниту|Анитой|Аните
Анна|Анны|Анне|Анну|Анной|Анне
Антониана|Антонианы|Антониане|Антониану|Антонианой|Антониане
Антонилла|Антониллы|Антонилле|Антониллу|Антониллой|Антонилле
Антонина|Антонины|Антонине|Антонину|Антониной|Антонине
Антонида|Антониды|Антониде|Антониду|Антонидой|Антониде
Антония|Антонии|Антонии|Антонию|Антонией|Антонии
Антуанетта|Антуанетты|Антуанетте|Антуанетту|Антуанеттой|Антуанетте
Анфиса|Анфисы|Анфисе|Анфису|Анфисой|Анфисе
Анфуса|Анфусы|Анфусе|Анфусу|Анфусой|Анфусе
Анфия|Анфии|Анфии|Анфию|Анфией|Анфии
Аполлинария|Аполлинарии|Аполлинарии|Аполлинарию|Аполлинарией|Аполлинарии
Апрелина|Апрелины|Апрелине|Апрелину|Апрелиной|Апрелине
Ариадна|Ариадны|Ариадне|Ариадну|Ариадной|Ариадне
Арина|Арины|Арине|Арину|Ариной|Арине
Аргентея|Аргентеи|Аргентее|Аргентею|Аргентеей|Аргентее
Аркадия|Аркадии|Аркадии|Аркадию|Аркадией|Аркадии
Арминия|Арминии|Арминии|Арминию|Арминией|Арминии
Арсения|Арсении|Арсении|Арсению|Арсенией|Арсении
Артемия|Артемии|Артемии|Артемию|Артемией|Артемии
Асия|Асии|Асии|Асию|Асией|Асии
Аскания|Аскании|Аскании|Асканию|Асканией|Аскании
Ассоль|Ассоль|Ассоль|Ассоль|Ассоль|Ассоль
Аста|Асты|Асте|Асту|Астой|Асте
Астра|Астры|Астре|Астру|Астрой|Астре
Астрела|Астрелы|Астреле|Астрелу|Астрелой|Астреле
Аурика|Аурики|Аурике|Аурику|Аурикой|Аурике
Афанасия|Афанасии|Афанасии|Афанасию|Афанасией|Афанасии
Афина|Афины|Афине|Афину|Афиной|Афине
Ацелла|Ацеллы|Ацелле|Ацеллу|Ацеллой|Ацелле
Азелла|Азеллы|Азелле|Азеллу|Азеллой|Азелле
Аэлита|Аэлиты|Аэлите|Аэлиту|Аэлитой|Аэлите
Бажена|Бажены|Бажене|Бажену|Баженой|Бажене
Божена|Божены|Божене|Божену|Боженой|Божене
Беата|Беаты|Беате|Беату|Беатой|Беате
Биата|Биаты|Биате|Биату|Биатой|Биате
Беатриса|Беатрисы|Беатрисе|Беатрису|Беатрисой|Беатрисе
Бела|Белы|Беле|Белу|Белой|Беле
Белла|Беллы|Белле|Беллу|Беллой|Белле
Берта|Берты|Берте|Берту|Бертой|Берте
Бетта|Бетты|Бетте|Бетту|Беттой|Бетте
Бландина|Бландины|Бландине|Бландину|Бландиной|Бландине
Богдана|Богданы|Богдане|Богдану|Богданой|Богдане
Болеслава|Болеславы|Болеславе|Болеславу|Болеславой|Болеславе
Бонита|Бониты|Боните|Бониту|Бонитой|Боните
Борислава|Бориславы|Бориславе|Бориславу|Бориславой|Бориславе
Бригитта|Бригитты|Бригитте|Бригитту|Бригиттой|Бригитте
Бронислава|Брониславы|Брониславе|Брониславу|Брониславой|Брониславе
Вавила|Вавилы|Вавиле|Вавилу|Вавилой|Вавиле
Валентина|Валентины|Валентине|Валентину|Валентиной|Валентине
Валериана|Валерианы|Валериане|Валериану|Валерианой|Валериане
Валерия|Валерии|Валерии|Валерию|Валерией|Валерии
Валида|Валиды|Валиде|Валиду|Валидой|Валиде
Ванда|Ванды|Ванде|Ванду|Вандой|Ванде
Варвара|Варвары|Варваре|Варвару|Варварой|Варваре
Василида|Василиды|Василиде|Василиду|Василидой|Василиде
Василина|Василины|Василине|Василину|Василиной|Василине
Василиса|Василисы|Василисе|Василису|Василисой|Василисе
Василия|Василии|Василии|Василию|Василией|Василии
Василла|Василлы|Василле|Василлу|Василлой|Василле
Васса|Вассы|Вассе|Вассу|Вассой|Вассе
Вацлава|Вацлавы|Вацлаве|Вацлаву|Вацлавой|Вацлаве
Вевея|Вевеи|Вевее|Вевею|Вевеей|Вевее
Велина|Велины|Велине|Велину|Велиной|Велине
Велиора|Велиоры|Велиоре|Велиору|Велиорой|Велиоре
Вельмира|Вельмиры|Вельмире|Вельмиру|Вельмирой|Вельмире
Венедикта|Венедикты|Венедикте|Венедикту|Венедиктой|Венедикте
Венера|Венеры|Венере|Венеру|Венерой|Венере
Венуста|Венусты|Венусте|Венусту|Венустой|Венусте
Вера|Веры|Вере|Веру|Верой|Вере
Вероника|Вероники|Веронике|Веронику|Вероникой|Веронике
Верония|Веронии|Веронии|Веронию|Веронией|Веронии
Веселина|Веселины|Веселине|Веселину|Веселиной|Веселине
Весна|Весны|Весне|Весну|Весной|Весне
Веста|Весты|Весте|Весту|Вестой|Весте
Вивиана|Вивианы|Вивиане|Вивиану|Вивианой|Вивиане
Видана|Виданы|Видане|Видану|Виданой|Видане
Викентия|Викентии|Викентии|Викентию|Викентией|Викентии
Викторина|Викторины|Викторине|Викторину|Викториной|Викторине
Виктория|Виктории|Виктории|Викторию|Викторией|Виктории
Вилена|Вилены|Вилене|Вилену|Виленой|Вилене
Виленина|Виленины|Виленине|Виленину|Вилениной|Виленине
Вилия|Вилии|Вилии|Вилию|Вилией|Вилии
Вилора|Вилоры|Вилоре|Вилору|Вилорой|Вилоре
Вилория|Вилории|Вилории|Вилорию|Вилорией|Вилории
Виола|Виолы|Виоле|Виолу|Виолой|Виоле
Виолетта|Виолетты|Виолетте|Виолетту|Виолеттой|Виолетте
Виорика|Виорики|Виорике|Виорику|Виорикой|Виорике
Виргиния|Виргинии|Виргинии|Виргинию|Виргинией|Виргинии
Виринея|Виринеи|Виринее|Виринею|Виринеей|Виринее
Вита|Виты|Вите|Виту|Витой|Вите
Виталика|Виталики|Виталике|Виталику|Виталикой|Виталике
Виталина|Виталины|Виталине|Виталину|Виталиной|Виталине
Виталия|Виталии|Виталии|Виталию|Виталией|Виталии
Витольда|Витольды|Витольде|Витольду|Витольдой|Витольде
Вия|Вии|Вие|Вию|Вией|Вие
Влада|Влады|Владе|Владу|Владой|Владе
Владелина|Владелины|Владелине|Владелину|Владелиной|Владелине
Владилена|Владилены|Владилене|Владилену|Владиленой|Владилене
Владлена|Владлены|Владлене|Владлену|Владленой|Владлене
Владимира|Владимиры|Владимире|Владимиру|Владимирой|Владимире
Владислава|Владиславы|Владиславе|Владиславу|Владиславой|Владиславе
Власта|Власты|Власте|Власту|Властой|Власте
Воислава|Воиславы|Воиславе|Воиславу|Воиславой|Воиславе
Воля|Воли|Воле|Волю|Волей|Воле
Всеслава|Всеславы|Всеславе|Всеславу|Всеславой|Всеславе
Габриела|Габриелы|Габриеле|Габриелу|Габриелой|Габриеле
Габриэла|Габриэлы|Габриэле|Габриэлу|Габриэлой|Габриэле
Гайя|Гайи|Гайе|Гайю|Гайей|Гайе
Гая|Гаи|Гае|Гаю|Гаей|Гае
Галата|Галаты|Галате|Галату|Галатой|Галате
Гали|Гали|Гали|Гали|Гали|Гали
Галина|Галины|Галине|Галину|Галиной|Галине
Галия|Галии|Галие|Галию|Галией|Галие
Галла|Галлы|Галле|Галлу|Галлой|Галле
Ганна|Ганны|Ганне|Ганну|Ганной|Ганне
Гаяна|Гаяны|Гаяне|Гаяну|Гаяной|Гаяне
Гаяния|Гаянии|Гаянии|Гаянию|Гаянией|Гаянии
Гаянэ|Гаянэ|Гаянэ|Гаянэ|Гаянэ|Гаянэ
Гвидона|Гвидоны|Гвидоне|Гвидону|Гвидоной|Гвидоне
Геласия|Геласии|Геласии|Геласию|Геласией|Геласии
Гелена|Гелены|Гелене|Гелену|Геленой|Гелене
Гелиана|Гелианы|Гелиане|Гелиану|Гелианой|Гелиане
Гелия|Гелии|Гелии|Гелию|Гелией|Гелии
Гелла|Геллы|Гелле|Геллу|Геллой|Гелле
Гемелла|Гемеллы|Гемелле|Гемеллу|Гемеллой|Гемелле
Гемеллина|Гемеллины|Гемеллине|Гемеллину|Гемеллиной|Гемеллине
Гемина|Гемины|Гемине|Гемину|Геминой|Гемине
Гемма|Геммы|Гемме|Гемму|Геммой|Гемме
Геннадия|Геннадии|Геннадии|Геннадию|Геннадией|Геннадии
Генриетта|Генриетты|Генриетте|Генриетту|Генриеттой|Генриетте
Генриэтта|Генриэтты|Генриэтте|Генриэтту|Генриэттой|Генриэтте
Георгина|Георгины|Георгине|Георгину|Георгиной|Георгине
Гера|Геры|Гере|Геру|Герой|Гере
Германа|Германы|Германе|Герману|Германой|Германе
Герминия|Герминии|Герминии|Герминию|Герминией|Герминии
Герта|Герты|Герте|Герту|Гертой|Герте
Гертруда|Гертруды|Гертруде|Гертруду|Гертрудой|Гертруде
Гея|Геи|Гее|Гею|Геей|Гее
Гизела|Гизелы|Гизеле|Гизелу|Гизелой|Гизеле
Гизелла|Гизеллы|Гизелле|Гизеллу|Гизеллой|Гизелле
Глафира|Глафиры|Глафире|Глафиру|Глафирой|Глафире
Гликерия|Гликерии|Гликерии|Гликерию|Гликерией|Гликерии
Глориоза|Глориозы|Глориозе|Глориозу|Глориозой|Глориозе
Глория|Глории|Глории|Глорию|Глорией|Глории
Голуба|Голубы|Голубе|Голубу|Голубой|Голубе
Гордана|Горданы|Гордане|Гордану|Горданой|Гордане
Гретта|Гретты|Гретте|Гретту|Греттой|Гретте
Гузель|Гузели|Гузели|Гузель|Гузелью|Гузели
Гюзель|Гюзели|Гюзели|Гюзель|Гюзелью|Гюзели
Гульнара|Гульнары|Гульнаре|Гульнару|Гульнарой|Гульнаре
Гюльнара|Гюльнары|Гюльнаре|Гюльнару|Гюльнарой|Гюльнаре
Дагмара|Дагмары|Дагмаре|Дагмару|Дагмарой|Дагмаре
Далила|Далилы|Далиле|Далилу|Далилой|Далиле
Далина|Далины|Далине|Далину|Далиной|Далине
Дальвина|Дальвины|Дальвине|Дальвину|Дальвиной|Дальвине
Дамира|Дамиры|Дамире|Дамиру|Дамирой|Дамире
Дана|Даны|Дане|Дану|Даной|Дане
Даная|Данаи|Данае|Данаю|Данаей|Данае
Данелия|Данелии|Данелии|Данелию|Данелией|Данелии
Даниара|Даниары|Даниаре|Даниару|Даниарой|Даниаре
Даниела|Даниелы|Даниеле|Даниелу|Даниелой|Даниеле
Даниелла|Даниеллы|Даниелле|Даниеллу|Даниеллой|Даниелле
Даниэла|Даниэлы|Даниэле|Даниэлу|Даниэлой|Даниэле
Дания|Дании|Дании|Данию|Данией|Дании
Дарья|Дарьи|Дарье|Дарью|Дарьей|Дарье
Дария|Дарии|Дарии|Дарию|Дарией|Дарии
Дарима|Даримы|Дариме|Дариму|Даримой|Дариме
Дарина|Дарины|Дарине|Дарину|Дариной|Дарине
Дарьяна|Дарьяны|Дарьяне|Дарьяну|Дарьяной|Дарьяне
Дасья|Дасьи|Дасье|Дасью|Дасьей|Дасье
Дасия|Дасии|Дасие|Дасию|Дасией|Дасие
Дебора|Деборы|Деборе|Дебору|Деборой|Деборе
Декабрина|Декабрины|Декабрине|Декабрину|Декабриной|Декабрине
Делия|Делии|Делии|Делию|Делией|Делии
Дениза|Денизы|Денизе|Денизу|Денизой|Денизе
Дея|Деи|Дее|Дею|Деей|Дее
Дия|Дии|Дие|Дию|Дией|Дие
Джамиля|Джамили|Джамиле|Джамилю|Джамилей|Джамиле
Джемма|Джеммы|Джемме|Джемму|Джеммой|Джемме
Джильда|Джильды|Джильде|Джильду|Джильдой|Джильде
Джоя|Джои|Джое|Джою|Джоей|Джое
Джульетта|Джульетты|Джульетте|Джульетту|Джульеттой|Джульетте
Диамара|Диамары|Диамаре|Диамару|Диамарой|Диамаре
Диана|Дианы|Диане|Диану|Дианой|Диане
Дигна|Дигны|Дигне|Дигну|Дигной|Дигне
Дилара|Дилары|Диларе|Дилару|Диларой|Диларе
Дина|Дины|Дине|Дину|Диной|Дине
Диния|Динии|Динии|Динию|Динией|Динии
Динара|Динары|Динаре|Динару|Динарой|Динаре
Диодора|Диодоры|Диодоре|Диодору|Диодорой|Диодоре
Дионина|Дионины|Дионине|Дионину|Диониной|Дионине
Дионисия|Дионисии|Дионисии|Дионисию|Дионисией|Дионисии
Добрава|Добравы|Добраве|Добраву|Добравой|Добраве
Долореса|Долоресы|Долоресе|Долоресу|Долоресой|Долоресе
Домна|Домны|Домне|Домну|Домной|Домне
Домника|Домники|Домнике|Домнику|Домникой|Домнике
Доминика|Доминики|Доминике|Доминику|Доминикой|Доминике
Донара|Донары|Донаре|Донару|Донарой|Донаре
Доната|Донаты|Донате|Донату|Донатой|Донате
Дона|Доны|Доне|Дону|Доной|Доне
Донна|Донны|Донне|Донну|Донной|Донне
Донателла|Донателлы|Донателле|Донателлу|Донателлой|Донателле
Донатилла|Донатиллы|Донатилле|Донатиллу|Донатиллой|Донатилле
Дора|Доры|Доре|Дору|Дорой|Доре
Дориана|Дорианы|Дориане|Дориану|Дорианой|Дориане
Дорофея|Дорофеи|Дорофее|Дорофею|Дорофеей|Дорофее
Доротея|Доротеи|Доротее|Доротею|Доротеей|Доротее
Ева|Евы|Еве|Еву|Евой|Еве
Евангелина|Евангелины|Евангелине|Евангелину|Евангелиной|Евангелине
Евгения|Евгении|Евгении|Евгению|Евгенией|Евгении
Евдокия|Евдокии|Евдокии|Евдокию|Евдокией|Евдокии
Евдоксия|Евдоксии|Евдоксии|Евдоксию|Евдоксией|Евдоксии
Евлалия|Евлалии|Евлалии|Евлалию|Евлалией|Евлалии
Евлампия|Евлампии|Евлампии|Евлампию|Евлампией|Евлампии
Евминия|Евминии|Евминии|Евминию|Евминией|Евминии
Евникия|Евникии|Евникии|Евникию|Евникией|Евникии
Евника|Евники|Евнике|Евнику|Евникой|Евнике
Евпраксия|Евпраксии|Евпраксии|Евпраксию|Евпраксией|Евпраксии
Евсевия|Евсевии|Евсевии|Евсевию|Евсевией|Евсевии
Евстолия|Евстолии|Евстолии|Евстолию|Евстолией|Евстолии
Евтихия|Евтихии|Евтихии|Евтихию|Евтихией|Евтихии
Евфалия|Евфалии|Евфалии|Евфалию|Евфалией|Евфалии
Евфимия|Евфимии|Евфимии|Евфимию|Евфимией|Евфимии
Ефимия|Ефимии|Ефимии|Ефимию|Ефимией|Ефимии
Егина|Егины|Егине|Егину|Егиной|Егине
Эгина|Эгины|Эгине|Эгину|Эгиной|Эгине
Екатерина|Екатерины|Екатерине|Екатерину|Екатериной|Екатерине
Елена|Елены|Елене|Елену|Еленой|Елене
Елизавета|Елизаветы|Елизавете|Елизавету|Елизаветой|Елизавете
Еликонида|Еликониды|Еликониде|Еликониду|Еликонидой|Еликониде
Емерита|Емериты|Емерите|Емериту|Емеритой|Емерите
Эмерита|Эмериты|Эмерите|Эмериту|Эмеритой|Эмерите
Еннафа|Еннафы|Еннафе|Еннафу|Еннафой|Еннафе
Епистимия|Епистимии|Епистимии|Епистимию|Епистимией|Епистимии
Епистима|Епистимы|Епистиме|Епистиму|Епистимой|Епистиме
Ермиония|Ермионии|Ермионии|Ермионию|Ермионией|Ермионии
Ефимия|Ефимии|Ефимии|Ефимию|Ефимией|Ефимии
Евфимия|Евфимии|Евфимии|Евфимию|Евфимией|Евфимии
Ефросиния|Ефросинии|Ефросинии|Ефросинию|Ефросинией|Ефросинии
Евфросиния|Евфросинии|Евфросинии|Евфросинию|Евфросинией|Евфросинии
Жанна|Жанны|Жанне|Жанну|Жанной|Жанне
Жанетта|Жанетты|Жанетте|Жанетту|Жанеттой|Жанетте
Ждана|Жданы|Ждане|Ждану|Жданой|Ждане
Женевьева|Женевьевы|Женевьеве|Женевьеву|Женевьевой|Женевьеве
Жермена|Жермены|Жермене|Жермену|Жерменой|Жермене
Жервеза|Жервезы|Жервезе|Жервезу|Жервезой|Жервезе
Жозефина|Жозефины|Жозефине|Жозефину|Жозефиной|Жозефине
Зара|Зары|Заре|Зару|Зарой|Заре
Зарема|Заремы|Зареме|Зарему|Заремой|Зареме
Зарина|Зарины|Зарине|Зарину|Зариной|Зарине
Зорина|Зорины|Зорине|Зорину|Зориной|Зорине
Звенислава|Звениславы|Звениславе|Звениславу|Звениславой|Звениславе
Зевина|Зевины|Зевине|Зевину|Зевиной|Зевине
Земфира|Земфиры|Земфире|Земфиру|Земфирой|Земфире
Зенона|Зеноны|Зеноне|Зенону|Зеноной|Зеноне
Зинона|Зиноны|Зиноне|Зинону|Зиноной|Зиноне
Зинонна|Зинонны|Зинонне|Зинонну|Зинонной|Зинонне
Зигфрида|Зигфриды|Зигфриде|Зигфриду|Зигфридой|Зигфриде
Зинаида|Зинаиды|Зинаиде|Зинаиду|Зинаидой|Зинаиде
Зиновия|Зиновии|Зиновии|Зиновию|Зиновией|Зиновии
Злата|Златы|Злате|Злату|Златой|Злате
Златта|Златты|Златте|Златту|Златтой|Златте
Зореслава|Зореславы|Зореславе|Зореславу|Зореславой|Зореславе
Зорислава|Зориславы|Зориславе|Зориславу|Зориславой|Зориславе
Зоря|Зори|Зоре|Зорю|Зорей|Зоре
Зоряна|Зоряны|Зоряне|Зоряну|Зоряной|Зоряне
Зоя|Зои|Зое|Зою|Зоей|Зое
Зульфия|Зульфии|Зульфие|Зульфию|Зульфией|Зульфие
Зухра|Зухры|Зухре|Зухру|Зухрой|Зухре
Ианнуария|Ианнуарии|Ианнуарии|Ианнуарию|Ианнуарией|Ианнуарии
Януария|Януарии|Януарии|Януарию|Януарией|Януарии
Иванна|Иванны|Иванне|Иванну|Иванной|Иванне
Иоанна|Иоанны|Иоанне|Иоанну|Иоанной|Иоанне
Иветта|Иветты|Иветте|Иветту|Иветтой|Иветте
Ида|Иды|Иде|Иду|Идой|Иде
Идея|Идеи|Идее|Идею|Идеей|Идее
Изабелла|Изабеллы|Изабелле|Изабеллу|Изабеллой|Изабелле
Изида|Изиды|Изиде|Изиду|Изидой|Изиде
Изольда|Изольды|Изольде|Изольду|Изольдой|Изольде
Илария|Иларии|Иларии|Иларию|Иларией|Иларии
Илиана|Илианы|Илиане|Илиану|Илианой|Илиане
Илима|Илимы|Илиме|Илиму|Илимой|Илиме
Илия|Илии|Илии|Илию|Илией|Илии
Илона|Илоны|Илоне|Илону|Илоной|Илоне
Ильмира|Ильмиры|Ильмире|Ильмиру|Ильмирой|Ильмире
Имма|Иммы|Имме|Имму|Иммой|Имме
Инга|Инги|Инге|Ингу|Ингой|Инге
Ингрид|Ингрид|Ингрид|Ингрид|Ингрид|Ингрид
Инда|Инды|Инде|Инду|Индой|Инде
Индира|Индиры|Индире|Индиру|Индирой|Индире
Инесса|Инессы|Инессе|Инессу|Инессой|Инессе
Инна|Инны|Инне|Инну|Инной|Инне
Интерна|Интерны|Интерне|Интерну|Интерной|Интерне
Иовилла|Иовиллы|Иовилле|Иовиллу|Иовиллой|Иовилле
Иоланта|Иоланты|Иоланте|Иоланту|Иолантой|Иоланте
Иолла|Иоллы|Иолле|Иоллу|Иоллой|Иолле
Ипатия|Ипатии|Ипатии|Ипатию|Ипатией|Ипатии
Ипполита|Ипполиты|Ипполите|Ипполиту|Ипполитой|Ипполите
Ираида|Ираиды|Ираиде|Ираиду|Ираидой|Ираиде
Ираклия|Ираклии|Ираклии|Ираклию|Ираклией|Ираклии
Ирена|Ирены|Ирене|Ирену|Иреной|Ирене
Ирида|Ириды|Ириде|Ириду|Иридой|Ириде
Ирина|Ирины|Ирине|Ирину|Ириной|Ирине
Ирма|Ирмы|Ирме|Ирму|Ирмой|Ирме
Исанна|Исанны|Исанне|Исанну|Исанной|Исанне
Исидора|Исидоры|Исидоре|Исидору|Исидорой|Исидоре
Искра|Искры|Искре|Искру|Искрой|Искре
Ифигения|Ифигении|Ифигении|Ифигению|Ифигенией|Ифигении
Июлия|Июлии|Июлии|Июлию|Июлией|Июлии
Ия|Ии|Ие|Ию|Ией|Ие
Казимира|Казимиры|Казимире|Казимиру|Казимирой|Казимире
Калерия|Калерии|Калерии|Калерию|Калерией|Калерии
Калида|Калиды|Калиде|Калиду|Калидой|Калиде
Калиса|Калисы|Калисе|Калису|Калисой|Калисе
Каллиника|Каллиники|Каллинике|Каллинику|Каллиникой|Каллинике
Каллия|Каллии|Каллии|Каллию|Каллией|Каллии
Кама|Камы|Каме|Каму|Камой|Каме
Камелия|Камелии|Камелии|Камелию|Камелией|Камелии
Камилла|Камиллы|Камилле|Камиллу|Камиллой|Камилле
Кандида|Кандиды|Кандиде|Кандиду|Кандидой|Кандиде
Капитолина|Капитолины|Капитолине|Капитолину|Капитолиной|Капитолине
Карина|Карины|Карине|Карину|Кариной|Карине
Кармия|Кармии|Кармии|Кармию|Кармией|Кармии
Каролина|Каролины|Каролине|Каролину|Каролиной|Каролине
Касиния|Касинии|Касинии|Касинию|Касинией|Касинии
Квета|Кветы|Квете|Квету|Кветой|Квете
Кима|Кимы|Киме|Киму|Кимой|Киме
Кира|Киры|Кире|Киру|Кирой|Кире
Кириана|Кирианы|Кириане|Кириану|Кирианой|Кириане
Кирьяна|Кирьяны|Кирьяне|Кирьяну|Кирьяной|Кирьяне
Кириена|Кириены|Кириене|Кириену|Кириеной|Кириене
Кирена|Кирены|Кирене|Кирену|Киреной|Кирене
Кирилла|Кириллы|Кирилле|Кириллу|Кириллой|Кирилле
Кирина|Кирины|Кирине|Кирину|Кириной|Кирине
Кирия|Кирии|Кирии|Кирию|Кирией|Кирии
Клавдия|Клавдии|Клавдии|Клавдию|Клавдией|Клавдии
Клара|Клары|Кларе|Клару|Кларой|Кларе
Клариса|Кларисы|Кларисе|Кларису|Кларисой|Кларисе
Кларисса|Клариссы|Клариссе|Клариссу|Клариссой|Клариссе
Клементина|Клементины|Клементине|Клементину|Клементиной|Клементине
Клеопатра|Клеопатры|Клеопатре|Клеопатру|Клеопатрой|Клеопатре
Конкордия|Конкордии|Конкордии|Конкордию|Конкордией|Конкордии
Констанция|Констанции|Констанции|Констанцию|Констанцией|Констанции
Коринна|Коринны|Коринне|Коринну|Коринной|Коринне
Корнелия|Корнелии|Корнелии|Корнелию|Корнелией|Корнелии
Корнилия|Корнилии|Корнилии|Корнилию|Корнилией|Корнилии
Крискентия|Крискентии|Крискентии|Крискентию|Крискентией|Крискентии
Кристиана|Кристианы|Кристиане|Кристиану|Кристианой|Кристиане
Кристина|Кристины|Кристине|Кристину|Кристиной|Кристине
Ксанфиппа|Ксанфиппы|Ксанфиппе|Ксанфиппу|Ксанфиппой|Ксанфиппе
Ксантиппа|Ксантиппы|Ксантиппе|Ксантиппу|Ксантиппой|Ксантиппе
Ксения|Ксении|Ксении|Ксению|Ксенией|Ксении
Лада|Лады|Ладе|Ладу|Ладой|Ладе
Лазурита|Лазуриты|Лазурите|Лазуриту|Лазуритой|Лазурите
Лайма|Лаймы|Лайме|Лайму|Лаймой|Лайме
Ламара|Ламары|Ламаре|Ламару|Ламарой|Ламаре
Лаура|Лауры|Лауре|Лауру|Лаурой|Лауре
Лаурина|Лаурины|Лаурине|Лаурину|Лауриной|Лаурине
Лаурита|Лауриты|Лаурите|Лауриту|Лауритой|Лаурите
Лариса|Ларисы|Ларисе|Ларису|Ларисой|Ларисе
Леванна|Леванны|Леванне|Леванну|Леванной|Леванне
Лейда|Лейды|Лейде|Лейду|Лейдой|Лейде
Лейла|Лейлы|Лейле|Лейлу|Лейлой|Лейле
Леила|Леилы|Леиле|Леилу|Леилой|Леиле
Лениана|Ленианы|Лениане|Лениану|Ленианой|Лениане
Ленина|Ленины|Ленине|Ленину|Лениной|Ленине
Ленэра|Ленэры|Ленэре|Ленэру|Ленэрой|Ленэре
Леокадия|Леокадии|Леокадии|Леокадию|Леокадией|Леокадии
Левкадия|Левкадии|Левкадии|Левкадию|Левкадией|Левкадии
Леолла|Леоллы|Леолле|Леоллу|Леоллой|Леолле
Леонарда|Леонарды|Леонарде|Леонарду|Леонардой|Леонарде
Леонгина|Леонгины|Леонгине|Леонгину|Леонгиной|Леонгине
Леонида|Леониды|Леониде|Леониду|Леонидой|Леониде
Леонила|Леонилы|Леониле|Леонилу|Леонилой|Леониле
Леонилла|Леониллы|Леонилле|Леониллу|Леониллой|Леонилле
Леонелла|Леонеллы|Леонелле|Леонеллу|Леонеллой|Леонелле
Лионелла|Лионеллы|Лионелле|Лионеллу|Лионеллой|Лионелле
Леонора|Леоноры|Леоноре|Леонору|Леонорой|Леоноре
Леонтина|Леонтины|Леонтине|Леонтину|Леонтиной|Леонтине
Леонтия|Леонтии|Леонтии|Леонтию|Леонтией|Леонтии
Леоргина|Леоргины|Леоргине|Леоргину|Леоргиной|Леоргине
Лея|Леи|Лее|Лею|Леей|Лее
Лия|Лии|Лие|Лию|Лией|Лие
Лиана|Лианы|Лиане|Лиану|Лианой|Лиане
Либерта|Либерты|Либерте|Либерту|Либертой|Либерте
Либертина|Либертины|Либертине|Либертину|Либертиной|Либертине
Ливия|Ливии|Ливии|Ливию|Ливией|Ливии
Лига|Лиги|Лиге|Лигу|Лигой|Лиге
Лигия|Лигии|Лигие|Лигию|Лигией|Лигие
Лидия|Лидии|Лидии|Лидию|Лидией|Лидии
Лила|Лилы|Лиле|Лилу|Лилой|Лиле
Лилиана|Лилианы|Лилиане|Лилиану|Лилианой|Лилиане
Лилианна|Лилианны|Лилианне|Лилианну|Лилианной|Лилианне
Лилина|Лилины|Лилине|Лилину|Лилиной|Лилине
Лилита|Лилиты|Лилите|Лилиту|Лилитой|Лилите
Лилия|Лилии|Лилии|Лилию|Лилией|Лилии
Лиляна|Лиляны|Лиляне|Лиляну|Лиляной|Лиляне
Лима|Лимы|Лиме|Лиму|Лимой|Лиме
Линара|Линары|Линаре|Линару|Линарой|Линаре
Ленара|Ленары|Ленаре|Ленару|Ленарой|Ленаре
Линда|Линды|Линде|Линду|Линдой|Линде
Лира|Лиры|Лире|Лиру|Лирой|Лире
Лирина|Лирины|Лирине|Лирину|Лириной|Лирине
Лозанна|Лозанны|Лозанне|Лозанну|Лозанной|Лозанне
Лола|Лолы|Лоле|Лолу|Лолой|Лоле
Лолита|Лолиты|Лолите|Лолиту|Лолитой|Лолите
Лоллия|Лоллии|Лоллии|Лоллию|Лоллией|Лоллии
Лора|Лоры|Лоре|Лору|Лорой|Лоре
Лота|Лоты|Лоте|Лоту|Лотой|Лоте
Луиза|Луизы|Луизе|Луизу|Луизой|Луизе
Лукерья|Лукерьи|Лукерье|Лукерью|Лукерьей|Лукерье
Лукиана|Лукианы|Лукиане|Лукиану|Лукианой|Лукиане
Лукина|Лукины|Лукине|Лукину|Лукиной|Лукине
Люцина|Люцины|Люцине|Люцину|Люциной|Люцине
Лукия|Лукии|Лукии|Лукию|Лукией|Лукии
Люция|Люции|Люции|Люцию|Люцией|Люции
Лукреция|Лукреции|Лукреции|Лукрецию|Лукрецией|Лукреции
Льга|Льги|Льге|Льгу|Льгой|Льге
Любава|Любавы|Любаве|Любаву|Любавой|Любаве
Любистина|Любистины|Любистине|Любистину|Любистиной|Любистине
Любовь|Любови|Любови|Любовь|Любовью|Любови
Любомира|Любомиры|Любомире|Любомиру|Любомирой|Любомире
Людмила|Людмилы|Людмиле|Людмилу|Людмилой|Людмиле
Людовика|Людовики|Людовике|Людовику|Людовикой|Людовике
Людвига|Людвиги|Людвиге|Людвигу|Людвигой|Людвиге
Люксена|Люксены|Люксене|Люксену|Люксеной|Люксене
Люсия|Люсии|Люсии|Люсию|Люсией|Люсии
Люсьена|Люсьены|Люсьене|Люсьену|Люсьеной|Люсьене
Люцея|Люцеи|Люцее|Люцею|Люцеей|Люцее
Люциана|Люцианы|Люциане|Люциану|Люцианой|Люциане
Люцелла|Люцеллы|Люцелле|Люцеллу|Люцеллой|Люцелле
Магда|Магды|Магде|Магду|Магдой|Магде
Магдалина|Магдалины|Магдалине|Магдалину|Магдалиной|Магдалине
Магна|Магны|Магне|Магну|Магной|Магне
Магнита|Магниты|Магните|Магниту|Магнитой|Магните
Магнолия|Магнолии|Магнолии|Магнолию|Магнолией|Магнолии
Мадина|Мадины|Мадине|Мадину|Мадиной|Мадине
Мадлена|Мадлены|Мадлене|Мадлену|Мадленой|Мадлене
Майя|Майи|Майе|Майю|Майей|Майе
Мая|Маи|Мае|Маю|Маей|Мае
Майна|Майны|Майне|Майну|Майной|Майне
Макария|Макарии|Макарии|Макарию|Макарией|Макарии
Максима|Максимы|Максиме|Максиму|Максимой|Максиме
Мальвина|Мальвины|Мальвине|Мальвину|Мальвиной|Мальвине
Манана|Мананы|Манане|Манану|Мананой|Манане
Манефа|Манефы|Манефе|Манефу|Манефой|Манефе
Мануэла|Мануэлы|Мануэле|Мануэлу|Мануэлой|Мануэле
Мануэлла|Мануэллы|Мануэлле|Мануэллу|Мануэллой|Мануэлле
Мара|Мары|Маре|Мару|Марой|Маре
Маргарита|Маргариты|Маргарите|Маргариту|Маргаритой|Маргарите
Мариана|Марианы|Мариане|Мариану|Марианой|Мариане
Марьяна|Марьяны|Марьяне|Марьяну|Марьяной|Марьяне
Марианна|Марианны|Марианне|Марианну|Марианной|Марианне
Мариамна|Мариамны|Мариамне|Мариамну|Мариамной|Мариамне
Мариетта|Мариетты|Мариетте|Мариетту|Мариеттой|Мариетте
Мариэтта|Мариэтты|Мариэтте|Мариэтту|Мариэттой|Мариэтте
Марина|Марины|Марине|Марину|Мариной|Марине
Марионилла|Мариониллы|Марионилле|Мариониллу|Мариониллой|Марионилле
Марионелла|Марионеллы|Марионелле|Марионеллу|Марионеллой|Марионелле
Мария|Марии|Марии|Марию|Марией|Марии
Марья|Марьи|Марье|Марью|Марьей|Марье
Марка|Марки|Марке|Марку|Маркой|Марке
Маркелла|Маркеллы|Маркелле|Маркеллу|Маркеллой|Маркелле
Марцелла|Марцеллы|Марцелле|Марцеллу|Марцеллой|Марцелле
Маркеллина|Маркеллины|Маркеллине|Маркеллину|Маркеллиной|Маркеллине
Марцеллина|Марцеллины|Марцеллине|Марцеллину|Марцеллиной|Марцеллине
Маркиана|Маркианы|Маркиане|Маркиану|Маркианой|Маркиане
Маркия|Маркии|Маркии|Маркию|Маркией|Маркии
Марция|Марции|Марции|Марцию|Марцией|Марции
Марксина|Марксины|Марксине|Марксину|Марксиной|Марксине
Марлена|Марлены|Марлене|Марлену|Марленой|Марлене
Марсела|Марселы|Марселе|Марселу|Марселой|Марселе
Марчелла|Марчеллы|Марчелле|Марчеллу|Марчеллой|Марчелле
Марта|Марты|Марте|Марту|Мартой|Марте
Мартина|Мартины|Мартине|Мартину|Мартиной|Мартине
Марфа|Марфы|Марфе|Марфу|Марфой|Марфе
Матильда|Матильды|Матильде|Матильду|Матильдой|Матильде
Матрена|Матрены|Матрене|Матрену|Матреной|Матрене
Матрона|Матроны|Матроне|Матрону|Матроной|Матроне
Медея|Медеи|Медее|Медею|Медеей|Медее
Мелания|Мелании|Мелании|Меланию|Меланией|Мелании
Меланья|Меланьи|Меланье|Меланью|Меланьей|Меланье
Мелита|Мелиты|Мелите|Мелиту|Мелитой|Мелите
Мелитина|Мелитины|Мелитине|Мелитину|Мелитиной|Мелитине
Милитина|Милитины|Милитине|Милитину|Милитиной|Милитине
Меркурия|Меркурии|Меркурии|Меркурию|Меркурией|Меркурии
Милада|Милады|Миладе|Миладу|Миладой|Миладе
Милана|Миланы|Милане|Милану|Миланой|Милане
Милена|Милены|Милене|Милену|Миленой|Милене
Милица|Милицы|Милице|Милицу|Милицей|Милице
Милия|Милии|Милии|Милию|Милией|Милии
Милона|Милоны|Милоне|Милону|Милоной|Милоне
Милослава|Милославы|Милославе|Милославу|Милославой|Милославе
Милютина|Милютины|Милютине|Милютину|Милютиной|Милютине
Минна|Минны|Минне|Минну|Минной|Минне
Минодора|Минодоры|Минодоре|Минодору|Минодорой|Минодоре
Мира|Миры|Мире|Миру|Мирой|Мире
Миральда|Миральды|Миральде|Миральду|Миральдой|Миральде
Мирона|Мироны|Мироне|Мирону|Мироной|Мироне
Мирония|Миронии|Миронии|Миронию|Миронией|Миронии
Мирра|Мирры|Мирре|Мирру|Миррой|Мирре
Миропия|Миропии|Миропии|Миропию|Миропией|Миропии
Меропа|Меропы|Меропе|Меропу|Меропой|Меропе
Мирослава|Мирославы|Мирославе|Мирославу|Мирославой|Мирославе
Михайлина|Михайлины|Михайлине|Михайлину|Михайлиной|Михайлине
Михалина|Михалины|Михалине|Михалину|Михалиной|Михалине
Млада|Млады|Младе|Младу|Младой|Младе
Модерата|Модераты|Модерате|Модерату|Модератой|Модерате
Модеста|Модесты|Модесте|Модесту|Модестой|Модесте
Модестина|Модестины|Модестине|Модестину|Модестиной|Модестине
Моника|Моники|Монике|Монику|Моникой|Монике
Монна|Монны|Монне|Монну|Монной|Монне
Мстислава|Мстиславы|Мстиславе|Мстиславу|Мстиславой|Мстиславе
Муза|Музы|Музе|Музу|Музой|Музе
Мюда|Мюды|Мюде|Мюду|Мюдой|Мюде
Нада|Нады|Наде|Наду|Надой|Наде
Надежда|Надежды|Надежде|Надежду|Надеждой|Надежде
Надия|Надии|Надии|Надию|Надией|Надии
Наиля|Наили|Наиле|Наилю|Наилей|Наиле
Наина|Наины|Наине|Наину|Наиной|Наине
Нальдина|Нальдины|Нальдине|Нальдину|Нальдиной|Нальдине
Нана|Наны|Нане|Нану|Наной|Нане
Настасья|Настасьи|Настасье|Настасью|Настасьей|Настасье
Наталья|Натальи|Наталье|Наталью|Натальей|Наталье
Наталия|Наталии|Наталии|Наталию|Наталией|Наталии
Натела|Нателы|Нателе|Нателу|Нателой|Нателе
Натэла|Натэлы|Натэле|Натэлу|Натэлой|Натэле
Натэлла|Натэллы|Натэлле|Натэллу|Натэллой|Натэлле
Нелида|Нелиды|Нелиде|Нелиду|Нелидой|Нелиде
Нелина|Нелины|Нелине|Нелину|Нелиной|Нелине
Нелли|Нелли|Нелли|Нелли|Нелли|Нелли
Неона|Неоны|Неоне|Неону|Неоной|Неоне
Неонила|Неонилы|Неониле|Неонилу|Неонилой|Неониле
Нера|Неры|Нере|Неру|Нерой|Нере
Нигелла|Нигеллы|Нигелле|Нигеллу|Нигеллой|Нигелле
Нида|Ниды|Ниде|Ниду|Нидой|Ниде
Ника|Ники|Нике|Нику|Никой|Нике
Николетта|Николетты|Николетте|Николетту|Николеттой|Николетте
Николина|Николины|Николине|Николину|Николиной|Николине
Нила|Нилы|Ниле|Нилу|Нилой|Ниле
Нимфодора|Нимфодоры|Нимфодоре|Нимфодору|Нимфодорой|Нимфодоре
Нина|Нины|Нине|Нину|Ниной|Нине
Нинелла|Нинеллы|Нинелле|Нинеллу|Нинеллой|Нинелле
Нинель|Нинели|Нинели|Нинель|Нинелью|Нинели
Ниннита|Нинниты|Нинните|Нинниту|Ниннитой|Нинните
Новелла|Новеллы|Новелле|Новеллу|Новеллой|Новелле
Нонна|Нонны|Нонне|Нонну|Нонной|Нонне
Нора|Норы|Норе|Нору|Норой|Норе
Ноэми|Ноэми|Ноэми|Ноэми|Ноэми|Ноэми
Ноэма|Ноэмы|Ноэме|Ноэму|Ноэмой|Ноэме
Ноэмия|Ноэмии|Ноэмии|Ноэмию|Ноэмией|Ноэмии
Ноябрина|Ноябрины|Ноябрине|Ноябрину|Ноябриной|Ноябрине
Одилия|Одилии|Одилии|Одилию|Одилией|Одилии
Оксана|Оксаны|Оксане|Оксану|Оксаной|Оксане
Октавия|Октавии|Октавии|Октавию|Октавией|Октавии
Октиана|Октианы|Октиане|Октиану|Октианой|Октиане
Октябрина|Октябрины|Октябрине|Октябрину|Октябриной|Октябрине
Олеся|Олеси|Олесе|Олесю|Олесей|Олесе
Оливия|Оливии|Оливии|Оливию|Оливией|Оливии
Олимпиада|Олимпиады|Олимпиаде|Олимпиаду|Олимпиадой|Олимпиаде
Олимпия|Олимпии|Олимпии|Олимпию|Олимпией|Олимпии
Ольга|Ольги|Ольге|Ольгу|Ольгой|Ольге
Онега|Онеги|Онеге|Онегу|Онегой|Онеге
Орджоника|Орджоники|Орджонике|Орджонику|Орджоникой|Орджонике
Офелия|Офелии|Офелии|Офелию|Офелией|Офелии
Павла|Павлы|Павле|Павлу|Павлой|Павле
Паула|Паулы|Пауле|Паулу|Паулой|Пауле
Павлина|Павлины|Павлине|Павлину|Павлиной|Павлине
Паулина|Паулины|Паулине|Паулину|Паулиной|Паулине
Палладия|Палладии|Палладии|Палладию|Палладией|Палладии
Паллада|Паллады|Палладе|Палладу|Палладой|Палладе
Пальмира|Пальмиры|Пальмире|Пальмиру|Пальмирой|Пальмире
Патриция|Патриции|Патриции|Патрицию|Патрицией|Патриции
Патрикия|Патрикии|Патрикии|Патрикию|Патрикией|Патрикии
Пелагея|Пелагеи|Пелагее|Пелагею|Пелагеей|Пелагее
Петрония|Петронии|Петронии|Петронию|Петронией|Петронии
Пиама|Пиамы|Пиаме|Пиаму|Пиамой|Пиаме
Платонида|Платониды|Платониде|Платониду|Платонидой|Платониде
Поликсена|Поликсены|Поликсене|Поликсену|Поликсеной|Поликсене
Полина|Полины|Полине|Полину|Полиной|Полине
Правдина|Правдины|Правдине|Правдину|Правдиной|Правдине
Прасковья|Прасковьи|Прасковье|Прасковью|Прасковьей|Прасковье
Параскева|Параскевы|Параскеве|Параскеву|Параскевой|Параскеве
Приама|Приамы|Приаме|Приаму|Приамой|Приаме
Пульхерия|Пульхерии|Пульхерии|Пульхерию|Пульхерией|Пульхерии
Рада|Рады|Раде|Раду|Радой|Раде
Радмила|Радмилы|Радмиле|Радмилу|Радмилой|Радмиле
Радмира|Радмиры|Радмире|Радмиру|Радмирой|Радмире
Раиля|Раили|Раиле|Раилю|Раилей|Раиле
Раиса|Раисы|Раисе|Раису|Раисой|Раисе
Раймонда|Раймонды|Раймонде|Раймонду|Раймондой|Раймонде
Рамира|Рамиры|Рамире|Рамиру|Рамирой|Рамире
Рамона|Рамоны|Рамоне|Рамону|Рамоной|Рамоне
Рафаэлия|Рафаэлии|Рафаэлии|Рафаэлию|Рафаэлией|Рафаэлии
Рахиль|Рахили|Рахили|Рахиль|Рахилью|Рахили
Рашель|Рашель|Рашель|Рашель|Рашель|Рашель
Ревекка|Ревекки|Ревекке|Ревекку|Ревеккой|Ревекке
Ребекка|Ребекки|Ребекке|Ребекку|Ребеккой|Ребекке
Ревмира|Ревмиры|Ревмире|Ревмиру|Ревмирой|Ревмире
Регина|Регины|Регине|Регину|Региной|Регине
Рема|Ремы|Реме|Рему|Ремой|Реме
Ремира|Ремиры|Ремире|Ремиру|Ремирой|Ремире
Ренальда|Ренальды|Ренальде|Ренальду|Ренальдой|Ренальде
Рената|Ренаты|Ренате|Ренату|Ренатой|Ренате
Рения|Рении|Рении|Рению|Ренией|Рении
Рея|Реи|Рее|Рею|Реей|Рее
Ривера|Риверы|Ривере|Риверу|Риверой|Ривере
Рида|Риды|Риде|Риду|Ридой|Риде
Римма|Риммы|Римме|Римму|Риммой|Римме
Рипсимия|Рипсимии|Рипсимии|Рипсимию|Рипсимией|Рипсимии
Роальда|Роальды|Роальде|Роальду|Роальдой|Роальде
Роберта|Роберты|Роберте|Роберту|Робертой|Роберте
Робертина|Робертины|Робертине|Робертину|Робертиной|Робертине
Рогнеда|Рогнеды|Рогнеде|Рогнеду|Рогнедой|Рогнеде
Роза|Розы|Розе|Розу|Розой|Розе
Розалия|Розалии|Розалии|Розалию|Розалией|Розалии
Розалина|Розалины|Розалине|Розалину|Розалиной|Розалине
Розана|Розаны|Розане|Розану|Розаной|Розане
Розина|Розины|Розине|Розину|Розиной|Розине
Роксана|Роксаны|Роксане|Роксану|Роксаной|Роксане
Ролана|Роланы|Ролане|Ролану|Роланой|Ролане
Романа|Романы|Романе|Роману|Романой|Романе
Ромена|Ромены|Ромене|Ромену|Роменой|Ромене
Ромуальда|Ромуальды|Ромуальде|Ромуальду|Ромуальдой|Ромуальде
Рональда|Рональды|Рональде|Рональду|Рональдой|Рональде
Росита|Роситы|Росите|Роситу|Роситой|Росите
Ростелла|Ростеллы|Ростелле|Ростеллу|Ростеллой|Ростелле
Ростислава|Ростиславы|Ростиславе|Ростиславу|Ростиславой|Ростиславе
Ружена|Ружены|Ружене|Ружену|Руженой|Ружене
Руслана|Русланы|Руслане|Руслану|Русланой|Руслане
Руфина|Руфины|Руфине|Руфину|Руфиной|Руфине
Руфиниана|Руфинианы|Руфиниане|Руфиниану|Руфинианой|Руфиниане
Руфь|Руфи|Руфи|Руфь|Руфью|Руфи
Сабина|Сабины|Сабине|Сабину|Сабиной|Сабине
Савина|Савины|Савине|Савину|Савиной|Савине
Савватия|Савватии|Савватии|Савватию|Савватией|Савватии
Саида|Саиды|Саиде|Саиду|Саидой|Саиде
Саломея|Саломеи|Саломее|Саломею|Саломеей|Саломее
Соломея|Соломеи|Соломее|Соломею|Соломеей|Соломее
Сальма|Сальмы|Сальме|Сальму|Сальмой|Сальме
Самуэла|Самуэлы|Самуэле|Самуэлу|Самуэлой|Самуэле
Сана|Саны|Сане|Сану|Саной|Сане
Сара|Сары|Саре|Сару|Сарой|Саре
Сарра|Сарры|Сарре|Сарру|Саррой|Сарре
Сафо|Сафо|Сафо|Сафо|Сафо|Сафо
Саяна|Саяны|Саяне|Саяну|Саяной|Саяне
Светлана|Светланы|Светлане|Светлану|Светланой|Светлане
Светозара|Светозары|Светозаре|Светозару|Светозарой|Светозаре
Светослава|Светославы|Светославе|Светославу|Светославой|Светославе
Свобода|Свободы|Свободе|Свободу|Свободой|Свободе
Святослава|Святославы|Святославе|Святославу|Святославой|Святославе
Севастьяна|Севастьяны|Севастьяне|Севастьяну|Севастьяной|Севастьяне
Северина|Северины|Северине|Северину|Севериной|Северине
Севиль|Севиль|Севиль|Севиль|Севиль|Севиль
Севилья|Севильи|Севилье|Севилью|Севильей|Севилье
Севилия|Севилии|Севилии|Севилию|Севилией|Севилии
Селена|Селены|Селене|Селену|Селеной|Селене
Селина|Селины|Селине|Селину|Селиной|Селине
Силина|Силины|Силине|Силину|Силиной|Силине
Серафима|Серафимы|Серафиме|Серафиму|Серафимой|Серафиме
Сильва|Сильвы|Сильве|Сильву|Сильвой|Сильве
Сильвия|Сильвии|Сильвии|Сильвию|Сильвией|Сильвии
Сильвана|Сильваны|Сильване|Сильвану|Сильваной|Сильване
Симона|Симоны|Симоне|Симону|Симоной|Симоне
Слава|Славы|Славе|Славу|Славой|Славе
Славина|Славины|Славине|Славину|Славиной|Славине
Славна|Славны|Славне|Славну|Славной|Славне
Славяна|Славяны|Славяне|Славяну|Славяной|Славяне
Снежана|Снежаны|Снежане|Снежану|Снежаной|Снежане
Соломонида|Соломониды|Соломониде|Соломониду|Соломонидой|Соломониде
Соломония|Соломонии|Соломонии|Соломонию|Соломонией|Соломонии
Софья|Софьи|Софье|Софью|Софьей|Софье
София|Софии|Софии|Софию|Софией|Софии
Станислава|Станиславы|Станиславе|Станиславу|Станиславой|Станиславе
Стелла|Стеллы|Стелле|Стеллу|Стеллой|Стелле
