Абрам|Абрама|Абраму|Абрама|Абрамом|Абраме
Аврам|Аврама|Авраму|Аврама|Аврамом|Авраме
Авраам|Авраама|Аврааму|Авраама|Авраамом|Аврааме
Аврамий|Аврамия|Аврамию|Аврамия|Аврамием|Аврамии
Авангард|Авангарда|Авангарду|Авангарда|Авангардом|Авангарде
Аввакум|Аввакума|Аввакуму|Аввакума|Аввакумом|Аввакуме
Абакум|Абакума|Абакуму|Абакума|Абакумом|Абакуме
Август|Августа|Августу|Августа|Августом|Августе
Августин|Августина|Августину|Августина|Августином|Августине
Авдей|Авдея|Авдею|Авдея|Авдеем|Авдее
Авдий|Авдия|Авдию|Авдия|Авдием|Авдии
Авель|Авеля|Авелю|Авеля|Авелем|Авеле
Авенир|Авенира|Авениру|Авенира|Авениром|Авенире
Аверкий|Аверкия|Аверкию|Аверкия|Аверкием|Аверкии
Аверьян|Аверьяна|Аверьяну|Аверьяна|Аверьяном|Аверьяне
Авксентий|Авксентия|Авксентию|Авксентия|Авксентием|Авксентии
Аврелий|Аврелия|Аврелию|Аврелия|Аврелием|Аврелии
Аврорий|Аврория|Аврорию|Аврория|Аврорием|Аврории
Автоном|Автонома|Автоному|Автонома|Автономом|Автономе
Агап|Агапа|Агапу|Агапа|Агапом|Агапе
Агапий|Агапия|Агапию|Агапия|Агапием|Агапии
Агафангел|Агафангела|Агафангелу|Агафангела|Агафангелом|Агафангеле
Агафий|Агафия|Агафию|Агафия|Агафием|Агафии
Агафон|Агафона|Агафону|Агафона|Агафоном|Агафоне
Агей|Агея|Агею|Агея|Агеем|Агее
Аггей|Аггея|Аггею|Аггея|Аггеем|Аггее
Адам|Адама|Адаму|Адама|Адамом|Адаме
Адий|Адия|Адию|Адия|Адием|Адии
Адольф|Адольфа|Адольфу|Адольфа|Адольфом|Адольфе
Адриан|Адриана|Адриану|Адриана|Адрианом|Адриане
Азарий|Азария|Азарию|Азария|Азарием|Азарии
Айтал|Айтала|Айталу|Айтала|Айталом|Айтале
Аким|Акима|Акиму|Акима|Акимом|Акиме
Иоаким|Иоакима|Иоакиму|Иоакима|Иоакимом|Иоакиме
Акиндин|Акиндина|Акиндину|Акиндина|Акиндином|Акиндине
Акинф|Акинфа|Акинфу|Акинфа|Акинфом|Акинфе
Иакинф|Иакинфа|Иакинфу|Иакинфа|Иакинфом|Иакинфе
Аксён|Аксёна|Аксёну|Аксёна|Аксёном|Аксёне
Алан|Алана|Алану|Алана|Аланом|Алане
Аллан|Аллана|Аллану|Аллана|Алланом|Аллане
Алевтин|Алевтина|Алевтину|Алевтина|Алевтином|Алевтине
Александр|Александра|Александру|Александра|Александром|Александре
Алексей|Алексея|Алексею|Алексея|Алексеем|Алексее
Алим|Алима|Алиму|Алима|Алимом|Алиме
Алфей|Алфея|Алфею|Алфея|Алфеем|Алфее
Альберт|Альберта|Альберту|Альберта|Альбертом|Альберте
Альбин|Альбина|Альбину|Альбина|Альбином|Альбине
Альвиан|Альвиана|Альвиану|Альвиана|Альвианом|Альвиане
Альвин|Альвина|Альвину|Альвина|Альвином|Альвине
Альгис|Альгиса|Альгису|Альгиса|Альгисом|Альгисе
Альфред|Альфреда|Альфреду|Альфреда|Альфредом|Альфреде
Амос|Амоса|Амосу|Амоса|Амосом|Амосе
Амвросий|Амвросия|Амвросию|Амвросия|Амвросием|Амвросии
Абросим|Абросима|Абросиму|Абросима|Абросимом|Абросиме
Амфиан|Амфиана|Амфиану|Амфиана|Амфианом|Амфиане
Анфиан|Анфиана|Анфиану|Анфиана|Анфианом|Анфиане
Ананий|Анания|Ананию|Анания|Ананием|Анании
Анастасий|Анастасия|Анастасию|Анастасия|Анастасием|Анастасии
Анатолий|Анатолия|Анатолию|Анатолия|Анатолием|Анатолии
Анвар|Анвара|Анвару|Анвара|Анваром|Анваре
Ангеляр|Ангеляра|Ангеляру|Ангеляра|Ангеляром|Ангеляре
Ангелиар|Ангелиара|Ангелиару|Ангелиара|Ангелиаром|Ангелиаре
Ангий|Ангия|Ангию|Ангия|Ангием|Ангии
Андрей|Андрея|Андрею|Андрея|Андреем|Андрее
Андриан|Андриана|Андриану|Андриана|Андрианом|Андриане
Андреян|Андреяна|Андреяну|Андреяна|Андреяном|Андреяне
Андрон|Андрона|Андрону|Андрона|Андроном|Андроне
Андроник|Андроника|Андронику|Андроника|Андроником|Андронике
Анект|Анекта|Анекту|Анекта|Анектом|Анекте
Анемподист|Анемподиста|Анемподисту|Анемподиста|Анемподистом|Анемподисте
Аниан|Аниана|Аниану|Аниана|Анианом|Аниане
Аникий|Аникия|Аникию|Аникия|Аникием|Аникии
Аникей|Аникея|Аникею|Аникея|Аникеем|Аникее
Анис|Аниса|Анису|Аниса|Анисом|Анисе
Анисий|Анисия|Анисию|Анисия|Анисием|Анисии
Анисим|Анисима|Анисиму|Анисима|Анисимом|Анисиме
Онисим|Онисима|Онисиму|Онисима|Онисимом|Онисиме
Антиох|Антиоха|Антиоху|Антиоха|Антиохом|Антиохе
Антип|Антипа|Антипу|Антипа|Антипом|Антипе
Антон|Антона|Антону|Антона|Антоном|Антоне
Антоний|Антония|Антонию|Антония|Антонием|Антонии
Антонин|Антонина|Антонину|Антонина|Антонином|Антонине
Антроп|Антропа|Антропу|Антропа|Антропом|Антропе
Андроп|Андропа|Андропу|Андропа|Андропом|Андропе
Антуан|Антуана|Антуану|Антуана|Антуаном|Антуане
Анфим|Анфима|Анфиму|Анфима|Анфимом|Анфиме
Онфим|Онфима|Онфиму|Онфима|Онфимом|Онфиме
Аполлинарий|Аполлинария|Аполлинарию|Аполлинария|Аполлинарием|Аполлинарии
Аполлон|Аполлона|Аполлону|Аполлона|Аполлоном|Аполлоне
Апрель|Апреля|Апрелю|Апреля|Апрелем|Апреле
Апрелий|Апрелия|Апрелию|Апрелия|Апрелием|Апрелии
Арам|Арама|Араму|Арама|Арамом|Араме
Арвид|Арвида|Арвиду|Арвида|Арвидом|Арвиде
Аргенид|Аргенида|Аргениду|Аргенида|Аргенидом|Аргениде
Аргент|Аргента|Аргенту|Аргента|Аргентом|Аргенте
Ардалион|Ардалиона|Ардалиону|Ардалиона|Ардалионом|Ардалионе
Арефий|Арефия|Арефию|Арефия|Арефием|Арефии
Ариан|Ариана|Ариану|Ариана|Арианом|Ариане
Арий|Ария|Арию|Ария|Арием|Арии
Аристарх|Аристарха|Аристарху|Аристарха|Аристархом|Аристархе
Аристид|Аристида|Аристиду|Аристида|Аристидом|Аристиде
Аркадий|Аркадия|Аркадию|Аркадия|Аркадием|Аркадии
Арлен|Арлена|Арлену|Арлена|Арленом|Арлене
Армен|Армена|Армену|Армена|Арменом|Армене
Армений|Армения|Армению|Армения|Армением|Армении
Арнольд|Арнольда|Арнольду|Арнольда|Арнольдом|Арнольде
Арон|Арона|Арону|Арона|Ароном|Ароне
Аарон|Аарона|Аарону|Аарона|Аароном|Аароне
Арсен|Арсена|Арсену|Арсена|Арсеном|Арсене
Арсений|Арсения|Арсению|Арсения|Арсением|Арсении
Арсентий|Арсентия|Арсентию|Арсентия|Арсентием|Арсентии
Артамон|Артамона|Артамону|Артамона|Артамоном|Артамоне
Артемон|Артемона|Артемону|Артемона|Артемоном|Артемоне
Артём|Артёма|Артёму|Артёма|Артёмом|Артёме
Артемий|Артемия|Артемию|Артемия|Артемием|Артемии
Артур|Артура|Артуру|Артура|Артуром|Артуре
Архип|Архипа|Архипу|Архипа|Архипом|Архипе
Асаф|Асафа|Асафу|Асафа|Асафом|Асафе
Асафий|Асафия|Асафию|Асафия|Асафием|Асафии
Иоасаф|Иоасафа|Иоасафу|Иоасафа|Иоасафом|Иоасафе
Асинкрит|Асинкрита|Асинкриту|Асинкрита|Асинкритом|Асинкрите
Аскалон|Аскалона|Аскалону|Аскалона|Аскалоном|Аскалоне
Аскольд|Аскольда|Аскольду|Аскольда|Аскольдом|Аскольде
Астерий|Астерия|Астерию|Астерия|Астерием|Астерии
Афанасий|Афанасия|Афанасию|Афанасия|Афанасием|Афанасии
Афиноген|Афиногена|Афиногену|Афиногена|Афиногеном|Афиногене
Афинодор|Афинодора|Афинодору|Афинодора|Афинодором|Афинодоре
Африкан|Африкана|Африкану|Африкана|Африканом|Африкане
Ахилл|Ахилла|Ахиллу|Ахилла|Ахиллом|Ахилле
Ахиллий|Ахиллия|Ахиллию|Ахиллия|Ахиллием|Ахиллии
Ахмед|Ахмеда|Ахмеду|Ахмеда|Ахмедом|Ахмеде
Ахмет|Ахмета|Ахмету|Ахмета|Ахметом|Ахмете
Ахмат|Ахмата|Ахмату|Ахмата|Ахматом|Ахмате
Баграт|Баграта|Баграту|Баграта|Багратом|Баграте
Бажен|Бажена|Бажену|Бажена|Баженом|Бажене
Божен|Божена|Божену|Божена|Боженом|Божене
Баян|Баяна|Баяну|Баяна|Баяном|Баяне
Баиан|Баиана|Баиану|Баиана|Баианом|Баиане
Бернард|Бернарда|Бернарду|Бернарда|Бернардом|Бернарде
Бертольд|Бертольда|Бертольду|Бертольда|Бертольдом|Бертольде
Бессон|Бессона|Бессону|Бессона|Бессоном|Бессоне
Богдан|Богдана|Богдану|Богдана|Богданом|Богдане
Боеслав|Боеслава|Боеславу|Боеслава|Боеславом|Боеславе
Болеслав|Болеслава|Болеславу|Болеслава|Болеславом|Болеславе
Боримир|Боримира|Боримиру|Боримира|Боримиром|Боримире
Борис|Бориса|Борису|Бориса|Борисом|Борисе
Борислав|Борислава|Бориславу|Борислава|Бориславом|Бориславе
Боян|Бояна|Бояну|Бояна|Бояном|Бояне
Британий|Британия|Британию|Британия|Британием|Британии
Британник|Британника|Британнику|Британника|Британником|Британнике
Бронислав|Бронислава|Брониславу|Бронислава|Брониславом|Брониславе
Будимир|Будимира|Будимиру|Будимира|Будимиром|Будимире
Булат|Булата|Булату|Булата|Булатом|Булате
Вавила|Вавилы|Вавиле|Вавилу|Вавилой|Вавиле
Вадим|Вадима|Вадиму|Вадима|Вадимом|Вадиме
Валент|Валента|Валенту|Валента|Валентом|Валенте
Валентин|Валентина|Валентину|Валентина|Валентином|Валентине
Валерий|Валерия|Валерию|Валерия|Валерием|Валерии
Валериан|Валериана|Валериану|Валериана|Валерианом|Валериане
Валерьян|Валерьяна|Валерьяну|Валерьяна|Валерьяном|Валерьяне
Ванадий|Ванадия|Ванадию|Ванадия|Ванадием|Ванадии
Варис|Вариса|Варису|Вариса|Варисом|Варисе
Варлам|Варлама|Варламу|Варлама|Варламом|Варламе
Варлаам|Варлаама|Варлааму|Варлаама|Варлаамом|Варлааме
Варлен|Варлена|Варлену|Варлена|Варленом|Варлене
Вартан|Вартана|Вартану|Вартана|Вартаном|Вартане
Варфоломей|Варфоломея|Варфоломею|Варфоломея|Варфоломеем|Варфоломее
Василид|Василида|Василиду|Василида|Василидом|Василиде
Василий|Василия|Василию|Василия|Василием|Василии
Василько|Василько|Василько|Василько|Василько|Василько
Васс|Васса|Вассу|Васса|Вассом|Вассе
Вассиан|Вассиана|Вассиану|Вассиана|Вассианом|Вассиане
Вахтанг|Вахтанга|Вахтангу|Вахтанга|Вахтангом|Вахтанге
Вацлав|Вацлава|Вацлаву|Вацлава|Вацлавом|Вацлаве
Велимир|Велимира|Велимиру|Велимира|Велимиром|Велимире
Велемир|Велемира|Велемиру|Велемира|Велемиром|Велемире
Велислав|Велислава|Велиславу|Велислава|Велиславом|Велиславе
Венедикт|Венедикта|Венедикту|Венедикта|Венедиктом|Венедикте
Венедим|Венедима|Венедиму|Венедима|Венедимом|Венедиме
Вениамин|Вениамина|Вениамину|Вениамина|Вениамином|Вениамине
Венуст|Венуста|Венусту|Венуста|Венустом|Венусте
Вергил|Вергила|Вергилу|Вергила|Вергилом|Вергиле
Вергилий|Вергилия|Вергилию|Вергилия|Вергилием|Вергилии
Ветран|Ветрана|Ветрану|Ветрана|Ветраном|Ветране
Вианор|Вианора|Вианору|Вианора|Вианором|Вианоре
Вивиан|Вивиана|Вивиану|Вивиана|Вивианом|Вивиане
Викентий|Викентия|Викентию|Викентия|Викентием|Викентии
Виктор|Виктора|Виктору|Виктора|Виктором|Викторе
Викторин|Викторина|Викторину|Викторина|Викторином|Викторине
Вилен|Вилена|Вилену|Вилена|Виленом|Вилене
Вилий|Вилия|Вилию|Вилия|Вилием|Вилии
Вилиор|Вилиора|Вилиору|Вилиора|Вилиором|Вилиоре
Вилор|Вилора|Вилору|Вилора|Вилором|Вилоре
Вилорий|Вилория|Вилорию|Вилория|Вилорием|Вилории
Вилорг|Вилорга|Вилоргу|Вилорга|Вилоргом|Вилорге
Виль|Виля|Вилю|Виля|Вилем|Виле
Вильгельм|Вильгельма|Вильгельму|Вильгельма|Вильгельмом|Вильгельме
Вильям|Вильяма|Вильяму|Вильяма|Вильямом|Вильяме
Виндей|Виндея|Виндею|Виндея|Виндеем|Виндее
Венедей|Венедея|Венедею|Венедея|Венедеем|Венедее
Веденей|Веденея|Веденею|Веденея|Веденеем|Веденее
Винсент|Винсента|Винсенту|Винсента|Винсентом|Винсенте
Винцент|Винцента|Винценту|Винцента|Винцентом|Винценте
Виолен|Виолена|Виолену|Виолена|Виоленом|Виолене
Виссарион|Виссариона|Виссариону|Виссариона|Виссарионом|Виссарионе
Вит|Вита|Виту|Вита|Витом|Вите
Витал|Витала|Виталу|Витала|Виталом|Витале
Виталий|Виталия|Виталию|Виталия|Виталием|Виталии
Витим|Витима|Витиму|Витима|Витимом|Витиме
Витимий|Витимия|Витимию|Витимия|Витимием|Витимии
Витольд|Витольда|Витольду|Витольда|Витольдом|Витольде
Владелин|Владелина|Владелину|Владелина|Владелином|Владелине
Владилен|Владилена|Владилену|Владилена|Владиленом|Владилене
Владимир|Владимира|Владимиру|Владимира|Владимиром|Владимире
Владислав|Владислава|Владиславу|Владислава|Владиславом|Владиславе
Владлен|Владлена|Владлену|Владлена|Владленом|Владлене
Влас|Власа|Власу|Власа|Власом|Власе
Власий|Власия|Власию|Власия|Власием|Власии
Воин|Воина|Воину|Воина|Воином|Воине
Воислав|Воислава|Воиславу|Воислава|Воиславом|Воиславе
Володар|Володара|Володару|Володара|Володаром|Володаре
Вольдемар|Вольдемара|Вольдемару|Вольдемара|Вольдемаром|Вольдемаре
Вальдемар|Вальдемара|Вальдемару|Вальдемара|Вальдемаром|Вальдемаре
Вольмир|Вольмира|Вольмиру|Вольмира|Вольмиром|Вольмире
Вальмир|Вальмира|Вальмиру|Вальмира|Вальмиром|Вальмире
Вольт|Вольта|Вольту|Вольта|Вольтом|Вольте
Вонифатий|Вонифатия|Вонифатию|Вонифатия|Вонифатием|Вонифатии
Бонифатий|Бонифатия|Бонифатию|Бонифатия|Бонифатием|Бонифатии
Всеволод|Всеволода|Всеволоду|Всеволода|Всеволодом|Всеволоде
Всемил|Всемила|Всемилу|Всемила|Всемилом|Всемиле
Вячеслав|Вячеслава|Вячеславу|Вячеслава|Вячеславом|Вячеславе
Габриель|Габриеля|Габриелю|Габриеля|Габриелем|Габриеле
Габриэль|Габриэля|Габриэлю|Габриэля|Габриэлем|Габриэле
Гавриил|Гавриила|Гавриилу|Гавриила|Гавриилом|Гаврииле
Гаврила|Гаврилы|Гавриле|Гаврилу|Гаврилой|Гавриле
Гаврило|Гаврилы|Гавриле|Гаврилу|Гаврилой|Гавриле
Гаврил|Гаврила|Гаврилу|Гаврила|Гаврилом|Гавриле
Гаиан|Гаиана|Гаиану|Гаиана|Гаианом|Гаиане
Гаян|Гаяна|Гаяну|Гаяна|Гаяном|Гаяне
Гайдар|Гайдара|Гайдару|Гайдара|Гайдаром|Гайдаре
Галактион|Галактиона|Галактиону|Галактиона|Галактионом|Галактионе
Галий|Галия|Галию|Галия|Галием|Галии
Гамлет|Гамлета|Гамлету|Гамлета|Гамлетом|Гамлете
Гаральд|Гаральда|Гаральду|Гаральда|Гаральдом|Гаральде
Гарольд|Гарольда|Гарольду|Гарольда|Гарольдом|Гарольде
Гарий|Гария|Гарию|Гария|Гарием|Гарии
Гаррий|Гаррия|Гаррию|Гаррия|Гаррием|Гаррии
Гаспар|Гаспара|Гаспару|Гаспара|Гаспаром|Гаспаре
Каспар|Каспара|Каспару|Каспара|Каспаром|Каспаре
Гвидон|Гвидона|Гвидону|Гвидона|Гвидоном|Гвидоне
Гедеон|Гедеона|Гедеону|Гедеона|Гедеоном|Гедеоне
Гектор|Гектора|Гектору|Гектора|Гектором|Гекторе
Геласий|Геласия|Геласию|Геласия|Геласием|Геласии
Гелиан|Гелиана|Гелиану|Гелиана|Гелианом|Гелиане
Гелий|Гелия|Гелию|Гелия|Гелием|Гелии
Гемелл|Гемелла|Гемеллу|Гемелла|Гемеллом|Гемелле
Гемин|Гемина|Гемину|Гемина|Гемином|Гемине
Гений|Гения|Гению|Гения|Гением|Гении
Геннадий|Геннадия|Геннадию|Геннадия|Геннадием|Геннадии
Генрих|Генриха|Генриху|Генриха|Генрихом|Генрихе
Геодар|Геодара|Геодару|Геодара|Геодаром|Геодаре
Георгий|Георгия|Георгию|Георгия|Георгием|Георгии
Геральд|Геральда|Геральду|Геральда|Геральдом|Геральде
Герольд|Герольда|Герольду|Герольда|Герольдом|Герольде
Герасим|Герасима|Герасиму|Герасима|Герасимом|Герасиме
Гервасий|Гервасия|Гервасию|Гервасия|Гервасием|Гервасии
Герман|Германа|Герману|Германа|Германом|Германе
Германик|Германика|Германику|Германика|Германиком|Германике
Герминий|Герминия|Герминию|Герминия|Герминием|Герминии
Гермоген|Гермогена|Гермогену|Гермогена|Гермогеном|Гермогене
Геронтий|Геронтия|Геронтию|Геронтия|Геронтием|Геронтии
Геронт|Геронта|Геронту|Геронта|Геронтом|Геронте
Герт|Герта|Герту|Герта|Гертом|Герте
Гертруд|Гертруда|Гертруду|Гертруда|Гертрудом|Гертруде
Гилярий|Гилярия|Гилярию|Гилярия|Гилярием|Гилярии
Глеб|Глеба|Глебу|Глеба|Глебом|Глебе
Гликерий|Гликерия|Гликерию|Гликерия|Гликерием|Гликерии
Годин|Година|Годину|Година|Годином|Године
Горазд|Горазда|Горазду|Горазда|Гораздом|Горазде
Гораций|Горация|Горацию|Горация|Горацием|Горации
Горгий|Горгия|Горгию|Горгия|Горгием|Горгии
Гордей|Гордея|Гордею|Гордея|Гордеем|Гордее
Гордий|Гордия|Гордию|Гордия|Гордием|Гордии
Гордиан|Гордиана|Гордиану|Гордиана|Гордианом|Гордиане
Горимир|Горимира|Горимиру|Горимира|Горимиром|Горимире
Горислав|Горислава|Гориславу|Горислава|Гориславом|Гориславе
Гран|Грана|Грану|Грана|Граном|Гране
Граний|Грания|Гранию|Грания|Гранием|Грании
Гранит|Гранита|Граниту|Гранита|Гранитом|Граните
Грант|Гранта|Гранту|Гранта|Грантом|Гранте
Григорий|Григория|Григорию|Григория|Григорием|Григории
Гурам|Гурама|Гураму|Гурама|Гурамом|Гураме
Гурий|Гурия|Гурию|Гурия|Гурием|Гурии
Гурьян|Гурьяна|Гурьяну|Гурьяна|Гурьяном|Гурьяне
Густав|Густава|Густаву|Густава|Густавом|Густаве
Давыд|Давыда|Давыду|Давыда|Давыдом|Давыде
Давид|Давида|Давиду|Давида|Давидом|Давиде
Далмат|Далмата|Далмату|Далмата|Далматом|Далмате
Дамир|Дамира|Дамиру|Дамира|Дамиром|Дамире
Дан|Дана|Дану|Дана|Даном|Дане
Даниар|Даниара|Даниару|Даниара|Даниаром|Даниаре
Даниил|Даниила|Даниилу|Даниила|Даниилом|Данииле
Данила|Данилы|Даниле|Данилу|Данилой|Даниле
Данило|Данилы|Даниле|Данилу|Данилой|Даниле
Данил|Данила|Данилу|Данила|Данилом|Даниле
Данислав|Данислава|Даниславу|Данислава|Даниславом|Даниславе
Даниэль|Даниэля|Даниэлю|Даниэля|Даниэлем|Даниэле
Дар|Дара|Дару|Дара|Даром|Даре
Дарий|Дария|Дарию|Дария|Дарием|Дарии
Дасий|Дасия|Дасию|Дасия|Дасием|Дасии
Декабрий|Декабрия|Декабрию|Декабрия|Декабрием|Декабрии
Декабрин|Декабрина|Декабрину|Декабрина|Декабрином|Декабрине
Дементий|Дементия|Дементию|Дементия|Дементием|Дементии
Дометий|Дометия|Дометию|Дометия|Дометием|Дометии
Демид|Демида|Демиду|Демида|Демидом|Демиде
Диомид|Диомида|Диомиду|Диомида|Диомидом|Диомиде
Демьян|Демьяна|Демьяну|Демьяна|Демьяном|Демьяне
Дамиан|Дамиана|Дамиану|Дамиана|Дамианом|Дамиане
Денис|Дениса|Денису|Дениса|Денисом|Денисе
Див|Дива|Диву|Дива|Дивом|Диве
Дидим|Дидима|Дидиму|Дидима|Дидимом|Дидиме
Дин|Дина|Дину|Дина|Дином|Дине
Диоген|Диогена|Диогену|Диогена|Диогеном|Диогене
Дион|Диона|Диону|Диона|Дионом|Дионе
Дионисий|Дионисия|Дионисию|Дионисия|Дионисием|Дионисии
Дионис|Диониса|Дионису|Диониса|Дионисом|Дионисе
Димитриан|Димитриана|Димитриану|Димитриана|Димитрианом|Димитриане
Дмитрий|Дмитрия|Дмитрию|Дмитрия|Дмитрием|Дмитрии
Димитрий|Димитрия|Димитрию|Димитрия|Димитрием|Димитрии
Добр|Добра|Добру|Добра|Добром|Добре
Добрыня|Добрыни|Добрыне|Добрыню|Добрыней|Добрыне
Довмонт|Довмонта|Довмонту|Довмонта|Довмонтом|Довмонте
Доманег|Доманега|Доманегу|Доманега|Доманегом|Доманеге
Донат|Доната|Донату|Доната|Донатом|Донате
Дориан|Дориана|Дориану|Дориана|Дорианом|Дориане
Дорофей|Дорофея|Дорофею|Дорофея|Дорофеем|Дорофее
Досифей|Досифея|Досифею|Досифея|Досифеем|Досифее
Еварест|Евареста|Еваресту|Евареста|Еварестом|Еваресте
Эверест|Эвереста|Эвересту|Эвереста|Эверестом|Эвересте
Евгений|Евгения|Евгению|Евгения|Евгением|Евгении
Евграф|Евграфа|Евграфу|Евграфа|Евграфом|Евграфе
Евдоким|Евдокима|Евдокиму|Евдокима|Евдокимом|Евдокиме
Евлампий|Евлампия|Евлампию|Евлампия|Евлампием|Евлампии
Евлогий|Евлогия|Евлогию|Евлогия|Евлогием|Евлогии
Евмений|Евмения|Евмению|Евмения|Евмением|Евмении
Евсей|Евсея|Евсею|Евсея|Евсеем|Евсее
Евсевий|Евсевия|Евсевию|Евсевия|Евсевием|Евсевии
Евсигний|Евсигния|Евсигнию|Евсигния|Евсигнием|Евсигнии
Евстигней|Евстигнея|Евстигнею|Евстигнея|Евстигнеем|Евстигнее
Евстафий|Евстафия|Евстафию|Евстафия|Евстафием|Евстафии
Остап|Остапа|Остапу|Остапа|Остапом|Остапе
Евтихий|Евтихия|Евтихию|Евтихия|Евтихием|Евтихии
Евтропий|Евтропия|Евтропию|Евтропия|Евтропием|Евтропии
Егор|Егора|Егору|Егора|Егором|Егоре
Егорий|Егория|Егорию|Егория|Егорием|Егории
Елевсипп|Елевсиппа|Елевсиппу|Елевсиппа|Елевсиппом|Елевсиппе
Есип|Есипа|Есипу|Есипа|Есипом|Есипе
Елизар|Елизара|Елизару|Елизара|Елизаром|Елизаре
Елеазар|Елеазара|Елеазару|Елеазара|Елеазаром|Елеазаре
Елизбар|Елизбара|Елизбару|Елизбара|Елизбаром|Елизбаре
Элизбар|Элизбара|Элизбару|Элизбара|Элизбаром|Элизбаре
Елима|Елимы|Елиме|Елиму|Елимой|Елиме
Елим|Елима|Елиму|Елима|Елимом|Елиме
Елисей|Елисея|Елисею|Елисея|Елисеем|Елисее
Еллий|Еллия|Еллию|Еллия|Еллием|Еллии
Геллий|Геллия|Геллию|Геллия|Геллием|Геллии
Гелий|Гелия|Гелию|Гелия|Гелием|Гелии
Емельян|Емельяна|Емельяну|Емельяна|Емельяном|Емельяне
Емилиан|Емилиана|Емилиану|Емилиана|Емилианом|Емилиане
Еней|Енея|Енею|Енея|Енеем|Енее
Эней|Энея|Энею|Энея|Энеем|Энее
Епифан|Епифана|Епифану|Епифана|Епифаном|Епифане
Епифаний|Епифания|Епифанию|Епифания|Епифанием|Епифании
Еремей|Еремея|Еремею|Еремея|Еремеем|Еремее
Иеремия|Иеремии|Иеремии|Иеремию|Иеремией|Иеремии
Ермак|Ермака|Ермаку|Ермака|Ермаком|Ермаке
Ермей|Ермея|Ермею|Ермея|Ермеем|Ермее
Ермий|Ермия|Ермию|Ермия|Ермием|Ермии
Гермий|Гермия|Гермию|Гермия|Гермием|Гермии
Ермил|Ермила|Ермилу|Ермила|Ермилом|Ермиле
Ермолай|Ермолая|Ермолаю|Ермолая|Ермолаем|Ермолае
Ерофей|Ерофея|Ерофею|Ерофея|Ерофеем|Ерофее
Еруслан|Еруслана|Еруслану|Еруслана|Ерусланом|Еруслане
Еспер|Еспера|Есперу|Еспера|Еспером|Еспере
Эспер|Эспера|Эсперу|Эспера|Эспером|Эспере
Ефим|Ефима|Ефиму|Ефима|Ефимом|Ефиме
Ефимий|Ефимия|Ефимию|Ефимия|Ефимием|Ефимии
Евфимий|Евфимия|Евфимию|Евфимия|Евфимием|Евфимии
Ефрем|Ефрема|Ефрему|Ефрема|Ефремом|Ефреме
Ждан|Ждана|Ждану|Ждана|Жданом|Ждане
Жозеф|Жозефа|Жозефу|Жозефа|Жозефом|Жозефе
Жорес|Жореса|Жоресу|Жореса|Жоресом|Жоресе
Захар|Захара|Захару|Захара|Захаром|Захаре
Зевин|Зевина|Зевину|Зевина|Зевином|Зевине
Зенон|Зенона|Зенону|Зенона|Зеноном|Зеноне
Зинон|Зинона|Зинону|Зинона|Зиноном|Зиноне
Зигмунд|Зигмунда|Зигмунду|Зигмунда|Зигмундом|Зигмунде
Зигфрид|Зигфрида|Зигфриду|Зигфрида|Зигфридом|Зигфриде
Зиновий|Зиновия|Зиновию|Зиновия|Зиновием|Зиновии
Зорий|Зория|Зорию|Зория|Зорием|Зории
Зосим|Зосима|Зосиму|Зосима|Зосимом|Зосиме
Зосима|Зосимы|Зосиме|Зосиму|Зосимой|Зосиме
Изосим|Изосима|Изосиму|Изосима|Изосимом|Изосиме
Зот|Зота|Зоту|Зота|Зотом|Зоте
Зотик|Зотика|Зотику|Зотика|Зотиком|Зотике
Изот|Изота|Изоту|Изота|Изотом|Изоте
Зураб|Зураба|Зурабу|Зураба|Зурабом|Зурабе
Иакинф|Иакинфа|Иакинфу|Иакинфа|Иакинфом|Иакинфе
Акинф|Акинфа|Акинфу|Акинфа|Акинфом|Акинфе
Акинфий|Акинфия|Акинфию|Акинфия|Акинфием|Акинфии
Иаков|Иакова|Иакову|Иакова|Иаковом|Иакове
Яков|Якова|Якову|Якова|Яковом|Якове
Ибрагим|Ибрагима|Ибрагиму|Ибрагима|Ибрагимом|Ибрагиме
Ив|Ива|Иву|Ива|Ивом|Иве
Ива|Ивы|Иве|Иву|Ивой|Иве
Иван|Ивана|Ивану|Ивана|Иваном|Иване
Иоанн|Иоанна|Иоанну|Иоанна|Иоанном|Иоанне
Игнатий|Игнатия|Игнатию|Игнатия|Игнатием|Игнатии
Игнат|Игната|Игнату|Игната|Игнатом|Игнате
Игорь|Игоря|Игорю|Игоря|Игорем|Игоре
Иеремия|Иеремии|Иеремии|Иеремию|Иеремией|Иеремии
Еремей|Еремея|Еремею|Еремея|Еремеем|Еремее
Иероним|Иеронима|Иерониму|Иеронима|Иеронимом|Иерониме
Иессей|Иессея|Иессею|Иессея|Иессеем|Иессее
Исей|Исея|Исею|Исея|Исеем|Исее
Измаил|Измаила|Измаилу|Измаила|Измаилом|Измаиле
Исмаил|Исмаила|Исмаилу|Исмаила|Исмаилом|Исмаиле
Изот|Изота|Изоту|Изота|Изотом|Изоте
Изяслав|Изяслава|Изяславу|Изяслава|Изяславом|Изяславе
Икар|Икара|Икару|Икара|Икаром|Икаре
Иларий|Илария|Иларию|Илария|Иларием|Иларии
Илар|Илара|Илару|Илара|Иларом|Иларе
Илиан|Илиана|Илиану|Илиана|Илианом|Илиане
Илий|Илия|Илию|Илия|Илием|Илии
Илиодор|Илиодора|Илиодору|Илиодора|Илиодором|Илиодоре
Илларион|Иллариона|Иллариону|Иллариона|Илларионом|Илларионе
Иларион|Илариона|Илариону|Илариона|Иларионом|Иларионе
Ларион|Лариона|Лариону|Лариона|Ларионом|Ларионе
Илим|Илима|Илиму|Илима|Илимом|Илиме
Елима|Елимы|Елиме|Елиму|Елимой|Елиме
Илиодор|Илиодора|Илиодору|Илиодора|Илиодором|Илиодоре
Лиодор|Лиодора|Лиодору|Лиодора|Лиодором|Лиодоре
Иллирик|Иллирика|Иллирику|Иллирика|Иллириком|Иллирике
Ильдар|Ильдара|Ильдару|Ильдара|Ильдаром|Ильдаре
Эльдар|Эльдара|Эльдару|Эльдара|Эльдаром|Эльдаре
Илья|Ильи|Илье|Илью|Ильей|Илье
Индис|Индиса|Индису|Индиса|Индисом|Индисе
Иннокентий|Иннокентия|Иннокентию|Иннокентия|Иннокентием|Иннокентии
Иоанникий|Иоанникия|Иоанникию|Иоанникия|Иоанникием|Иоанникии
Аника|Аники|Анике|Анику|Аникой|Анике
Аникий|Аникия|Аникию|Аникия|Аникием|Аникии
Аникей|Аникея|Аникею|Аникея|Аникеем|Аникее
Иоасаф|Иоасафа|Иоасафу|Иоасафа|Иоасафом|Иоасафе
Иов|Иова|Иову|Иова|Иовом|Иове
Иоиль|Иоиля|Иоилю|Иоиля|Иоилем|Иоиле
Иона|Ионы|Ионе|Иону|Ионой|Ионе
Ион|Иона|Иону|Иона|Ионом|Ионе
Иордан|Иордана|Иордану|Иордана|Иорданом|Иордане
Иосиф|Иосифа|Иосифу|Иосифа|Иосифом|Иосифе
Ипатий|Ипатия|Ипатию|Ипатия|Ипатием|Ипатии
Ипат|Ипата|Ипату|Ипата|Ипатом|Ипате
Ипполит|Ипполита|Ипполиту|Ипполита|Ипполитом|Ипполите
Ираклий|Ираклия|Ираклию|Ираклия|Ираклием|Ираклии
Иринарх|Иринарха|Иринарху|Иринарха|Иринархом|Иринархе
Ириней|Иринея|Иринею|Иринея|Иринеем|Иринее
Ириний|Ириния|Иринию|Ириния|Иринием|Иринии
Исай|Исая|Исаю|Исая|Исаем|Исае
Исайя|Исайи|Исайе|Исайю|Исайей|Исайе
Исак|Исака|Исаку|Исака|Исаком|Исаке
Исакий|Исакия|Исакию|Исакия|Исакием|Исакии
Исаак|Исаака|Исааку|Исаака|Исааком|Исааке
Исаакий|Исаакия|Исаакию|Исаакия|Исаакием|Исаакии
Исей|Исея|Исею|Исея|Исеем|Исее
Иессей|Иессея|Иессею|Иессея|Иессеем|Иессее
Исидор|Исидора|Исидору|Исидора|Исидором|Исидоре
Сидор|Сидора|Сидору|Сидора|Сидором|Сидоре
Искандер|Искандера|Искандеру|Искандера|Искандером|Искандере
Июлий|Июлия|Июлию|Июлия|Июлием|Июлии
Казимир|Казимира|Казимиру|Казимира|Казимиром|Казимире
Калина|Калины|Калине|Калину|Калиной|Калине
Калин|Калина|Калину|Калина|Калином|Калине
Каллиник|Каллиника|Каллинику|Каллиника|Каллиником|Каллинике
Каллистрат|Каллистрата|Каллистрату|Каллистрата|Каллистратом|Каллистрате
Калистрат|Калистрата|Калистрату|Калистрата|Калистратом|Калистрате
Камиль|Камиля|Камилю|Камиля|Камилем|Камиле
Кандид|Кандида|Кандиду|Кандида|Кандидом|Кандиде
Карен|Карена|Карену|Карена|Кареном|Карене
Карим|Карима|Кариму|Карима|Каримом|Кариме
Карл|Карла|Карлу|Карла|Карлом|Карле
Карм|Карма|Карму|Карма|Кармом|Карме
Кармий|Кармия|Кармию|Кармия|Кармием|Кармии
Карп|Карпа|Карпу|Карпа|Карпом|Карпе
Капитон|Капитона|Капитону|Капитона|Капитоном|Капитоне
Кассий|Кассия|Кассию|Кассия|Кассием|Кассии
Касьян|Касьяна|Касьяну|Касьяна|Касьяном|Касьяне
Кассиан|Кассиана|Кассиану|Кассиана|Кассианом|Кассиане
Кельсий|Кельсия|Кельсию|Кельсия|Кельсием|Кельсии
Кий|Кия|Кию|Кия|Кием|Кии
Ким|Кима|Киму|Кима|Кимом|Киме
Кион|Киона|Киону|Киона|Кионом|Кионе
Киприан|Киприана|Киприану|Киприана|Киприаном|Киприане
Куприян|Куприяна|Куприяну|Куприяна|Куприяном|Куприяне
Кир|Кира|Киру|Кира|Киром|Кире
Кириак|Кириака|Кириаку|Кириака|Кириаком|Кириаке
Кирьяк|Кирьяка|Кирьяку|Кирьяка|Кирьяком|Кирьяке
Кирик|Кирика|Кирику|Кирика|Кириком|Кирике
Кирилл|Кирилла|Кириллу|Кирилла|Кириллом|Кирилле
Кирин|Кирина|Кирину|Кирина|Кирином|Кирине
Кирсан|Кирсана|Кирсану|Кирсана|Кирсаном|Кирсане
Хрисанф|Хрисанфа|Хрисанфу|Хрисанфа|Хрисанфом|Хрисанфе
Клавдий|Клавдия|Клавдию|Клавдия|Клавдием|Клавдии
Клементин|Клементина|Клементину|Клементина|Клементином|Клементине
Климент|Климента|Клименту|Климента|Климентом|Клименте
Клим|Клима|Климу|Клима|Климом|Климе
Климентий|Климентия|Климентию|Климентия|Климентием|Климентии
Клементий|Клементия|Клементию|Клементия|Клементием|Клементии
Кондратий|Кондратия|Кондратию|Кондратия|Кондратием|Кондратии
Кондрат|Кондрата|Кондрату|Кондрата|Кондратом|Кондрате
Кодрат|Кодрата|Кодрату|Кодрата|Кодратом|Кодрате
Конкордий|Конкордия|Конкордию|Конкордия|Конкордием|Конкордии
Конон|Конона|Конону|Конона|Кононом|Кононе
Конрад|Конрада|Конраду|Конрада|Конрадом|Конраде
Константин|Константина|Константину|Константина|Константином|Константине
Корней|Корнея|Корнею|Корнея|Корнеем|Корнее
Корний|Корния|Корнию|Корния|Корнием|Корнии
Корнил|Корнила|Корнилу|Корнила|Корнилом|Корниле
Корнилий|Корнилия|Корнилию|Корнилия|Корнилием|Корнилии
Корнелий|Корнелия|Корнелию|Корнелия|Корнелием|Корнелии
Крискент|Крискента|Крискенту|Крискента|Крискентом|Крискенте
Крискентий|Крискентия|Крискентию|Крискентия|Крискентием|Крискентии
Кристоф|Кристофа|Кристофу|Кристофа|Кристофом|Кристофе
Кронид|Кронида|Крониду|Кронида|Кронидом|Крониде
Ксанфий|Ксанфия|Ксанфию|Ксанфия|Ксанфием|Ксанфии
Ксанф|Ксанфа|Ксанфу|Ксанфа|Ксанфом|Ксанфе
Ксенофонт|Ксенофонта|Ксенофонту|Ксенофонта|Ксенофонтом|Ксенофонте
Кузьма|Кузьмы|Кузьме|Кузьму|Кузьмой|Кузьме
Козьма|Козьмы|Козьме|Козьму|Козьмой|Козьме
Косма|Космы|Косме|Косму|Космой|Косме
Лаврентий|Лаврентия|Лаврентию|Лаврентия|Лаврентием|Лаврентии
Ладислав|Ладислава|Ладиславу|Ладислава|Ладиславом|Ладиславе
Лазарь|Лазаря|Лазарю|Лазаря|Лазарем|Лазаре
Ларгий|Ларгия|Ларгию|Ларгия|Ларгием|Ларгии
Ларг|Ларга|Ларгу|Ларга|Ларгом|Ларге
Ларион|Лариона|Лариону|Лариона|Ларионом|Ларионе
Лаэрт|Лаэрта|Лаэрту|Лаэрта|Лаэртом|Лаэрте
Леандр|Леандра|Леандру|Леандра|Леандром|Леандре
Лев|Льва|Льву|Льва|Львом|Льве
Левий|Левия|Левию|Левия|Левием|Левии
Левкий|Левкия|Левкию|Левкия|Левкием|Левкии
Лель|Леля|Лелю|Леля|Лелем|Леле
Ленар|Ленара|Ленару|Ленара|Ленаром|Ленаре
Лениан|Лениана|Лениану|Лениана|Ленианом|Лениане
Леон|Леона|Леону|Леона|Леоном|Леоне
Леонард|Леонарда|Леонарду|Леонарда|Леонардом|Леонарде
Леонид|Леонида|Леониду|Леонида|Леонидом|Леониде
Леонт|Леонта|Леонту|Леонта|Леонтом|Леонте
Леонтий|Леонтия|Леонтию|Леонтия|Леонтием|Леонтии
Леопольд|Леопольда|Леопольду|Леопольда|Леопольдом|Леопольде
Лермонт|Лермонта|Лермонту|Лермонта|Лермонтом|Лермонте
Ливерий|Ливерия|Ливерию|Ливерия|Ливерием|Ливерии
Либерий|Либерия|Либерию|Либерия|Либерием|Либерии
Либерт|Либерта|Либерту|Либерта|Либертом|Либерте
Ливадий|Ливадия|Ливадию|Ливадия|Ливадием|Ливадии
Ливаний|Ливания|Ливанию|Ливания|Ливанием|Ливании
Ливий|Ливия|Ливию|Ливия|Ливием|Ливии
Лин|Лина|Лину|Лина|Лином|Лине
Лиодор|Лиодора|Лиодору|Лиодора|Лиодором|Лиодоре
Лионель|Лионеля|Лионелю|Лионеля|Лионелем|Лионеле
Липат|Липата|Липату|Липата|Липатом|Липате
Лир|Лира|Лиру|Лира|Лиром|Лире
Логин|Логина|Логину|Логина|Логином|Логине
Логгин|Логгина|Логгину|Логгина|Логгином|Логгине
Лонгин|Лонгина|Лонгину|Лонгина|Лонгином|Лонгине
Лоллий|Лоллия|Лоллию|Лоллия|Лоллием|Лоллии
Лоренс|Лоренса|Лоренсу|Лоренса|Лоренсом|Лоренсе
Лорис|Лориса|Лорису|Лориса|Лорисом|Лорисе
Лоэнгрин|Лоэнгрина|Лоэнгрину|Лоэнгрина|Лоэнгрином|Лоэнгрине
Лука|Луки|Луке|Луку|Лукой|Луке
Лукьян|Лукьяна|Лукьяну|Лукьяна|Лукьяном|Лукьяне
Лукиан|Лукиана|Лукиану|Лукиана|Лукианом|Лукиане
Любим|Любима|Любиму|Любима|Любимом|Любиме
Любомир|Любомира|Любомиру|Любомира|Любомиром|Любомире
Людвиг|Людвига|Людвигу|Людвига|Людвигом|Людвиге
Люксен|Люксена|Люксену|Люксена|Люксеном|Люксене
Люсьен|Люсьена|Люсьену|Люсьена|Люсьеном|Люсьене
Люциан|Люциана|Люциану|Люциана|Люцианом|Люциане
Маврикий|Маврикия|Маврикию|Маврикия|Маврикием|Маврикии
Май|Мая|Маю|Мая|Маем|Мае
Майслав|Майслава|Майславу|Майслава|Майславом|Майславе
Маеслав|Маеслава|Маеславу|Маеслава|Маеславом|Маеславе
Макар|Макара|Макару|Макара|Макаром|Макаре
Макарий|Макария|Макарию|Макария|Макарием|Макарии
Македон|Македона|Македону|Македона|Македоном|Македоне
Мал|Мала|Малу|Мала|Малом|Мале
Малей|Малея|Малею|Малея|Малеем|Малее
Макс|Макса|Максу|Макса|Максом|Максе
Максим|Максима|Максиму|Максима|Максимом|Максиме
Максимильян|Максимильяна|Максимильяну|Максимильяна|Максимильяном|Максимильяне
Максимилиан|Максимилиана|Максимилиану|Максимилиана|Максимилианом|Максимилиане
Манил|Манила|Манилу|Манила|Манилом|Маниле
Мануил|Мануила|Мануилу|Мануила|Мануилом|Мануиле
Манфред|Манфреда|Манфреду|Манфреда|Манфредом|Манфреде
Марат|Марата|Марату|Марата|Маратом|Марате
Марес|Мареса|Маресу|Мареса|Маресом|Маресе
Маресий|Маресия|Маресию|Маресия|Маресием|Маресии
Мариан|Мариана|Мариану|Мариана|Марианом|Мариане
Марьян|Марьяна|Марьяну|Марьяна|Марьяном|Марьяне
Марий|Мария|Марию|Мария|Марием|Марии
Марин|Марина|Марину|Марина|Марином|Марине
Марк|Марка|Марку|Марка|Марком|Марке
Маркел|Маркела|Маркелу|Маркела|Маркелом|Маркеле
Маркиан|Маркиана|Маркиану|Маркиана|Маркианом|Маркиане
Маркий|Маркия|Маркию|Маркия|Маркием|Маркии
Маркей|Маркея|Маркею|Маркея|Маркеем|Маркее
Марлен|Марлена|Марлену|Марлена|Марленом|Марлене
Марон|Марона|Марону|Марона|Мароном|Мароне
Марс|Марса|Марсу|Марса|Марсом|Марсе
Марсель|Марселя|Марселю|Марселя|Марселем|Марселе
Марсен|Марсена|Марсену|Марсена|Марсеном|Марсене
Март|Марта|Марту|Марта|Мартом|Марте
Мартий|Мартия|Мартию|Мартия|Мартием|Мартии
Мартиниан|Мартиниана|Мартиниану|Мартиниана|Мартинианом|Мартиниане
Мартьян|Мартьяна|Мартьяну|Мартьяна|Мартьяном|Мартьяне
Мартын|Мартына|Мартыну|Мартына|Мартыном|Мартыне
Мартин|Мартина|Мартину|Мартина|Мартином|Мартине
Матвей|Матвея|Матвею|Матвея|Матвеем|Матвее
Мелетий|Мелетия|Мелетию|Мелетия|Мелетием|Мелетии
Мелентий|Мелентия|Мелентию|Мелентия|Мелентием|Мелентии
Мелис|Мелиса|Мелису|Мелиса|Мелисом|Мелисе
Мелитон|Мелитона|Мелитону|Мелитона|Мелитоном|Мелитоне
Меней|Менея|Менею|Менея|Менеем|Менее
Менея|Менеи|Менее|Менею|Менеей|Менее
Меркурий|Меркурия|Меркурию|Меркурия|Меркурием|Меркурии
Мефодий|Мефодия|Мефодию|Мефодия|Мефодием|Мефодии
Мечислав|Мечислава|Мечиславу|Мечислава|Мечиславом|Мечиславе
Милад|Милада|Миладу|Милада|Миладом|Миладе
Милан|Милана|Милану|Милана|Миланом|Милане
Мелан|Мелана|Мелану|Мелана|Меланом|Мелане
Милен|Милена|Милену|Милена|Миленом|Милене
Милий|Милия|Милию|Милия|Милием|Милии
Милонег|Милонега|Милонегу|Милонега|Милонегом|Милонеге
Милослав|Милослава|Милославу|Милослава|Милославом|Милославе
Милютин|Милютина|Милютину|Милютина|Милютином|Милютине
Мин|Мина|Мину|Мина|Мином|Мине
Минеон|Минеона|Минеону|Минеона|Минеоном|Минеоне
Мириан|Мириана|Мириану|Мириана|Мирианом|Мириане
Мирон|Мирона|Мирону|Мирона|Мироном|Мироне
Миронег|Миронега|Миронегу|Миронега|Миронегом|Миронеге
Мирослав|Мирослава|Мирославу|Мирослава|Мирославом|Мирославе
Мисаил|Мисаила|Мисаилу|Мисаила|Мисаилом|Мисаиле
Митрофан|Митрофана|Митрофану|Митрофана|Митрофаном|Митрофане
Михаил|Михаила|Михаилу|Михаила|Михаилом|Михаиле
Михайло|Михайлы|Михайле|Михайлу|Михайлой|Михайле
Михей|Михея|Михею|Михея|Михеем|Михее
Модест|Модеста|Модесту|Модеста|Модестом|Модесте
Моисей|Моисея|Моисею|Моисея|Моисеем|Моисее
Мосей|Мосея|Мосею|Мосея|Мосеем|Мосее
Мокий|Мокия|Мокию|Мокия|Мокием|Мокии
Мокей|Мокея|Мокею|Мокея|Мокеем|Мокее
Морис|Мориса|Морису|Мориса|Морисом|Морисе
Мстислав|Мстислава|Мстиславу|Мстислава|Мстиславом|Мстиславе
Мурат|Мурата|Мурату|Мурата|Муратом|Мурате
Муслим|Муслима|Муслиму|Муслима|Муслимом|Муслиме
Мюд|Мюда|Мюду|Мюда|Мюдом|Мюде
Надир|Надира|Надиру|Надира|Надиром|Надире
Назар|Назара|Назару|Назара|Назаром|Назаре
Назарий|Назария|Назарию|Назария|Назарием|Назарии
Назим|Назима|Назиму|Назима|Назимом|Назиме
Наиль|Наиля|Наилю|Наиля|Наилем|Наиле
Наль|Наля|Налю|Наля|Налем|Нале
Нариман|Наримана|Нариману|Наримана|Нариманом|Наримане
Нуриман|Нуримана|Нуриману|Нуримана|Нуриманом|Нуримане
Наркисс|Наркисса|Наркиссу|Наркисса|Наркиссом|Наркиссе
Нарцисс|Нарцисса|Нарциссу|Нарцисса|Нарциссом|Нарциссе
Наум|Наума|Науму|Наума|Наумом|Науме
Нафан|Нафана|Нафану|Нафана|Нафаном|Нафане
Натан|Натана|Натану|Натана|Натаном|Натане
Нектарий|Нектария|Нектарию|Нектария|Нектарием|Нектарии
Нельсон|Нельсона|Нельсону|Нельсона|Нельсоном|Нельсоне
Неон|Неона|Неону|Неона|Неоном|Неоне
Нестор|Нестора|Нестору|Нестора|Нестором|Несторе
Нестер|Нестера|Нестеру|Нестера|Нестером|Нестере
Нефёд|Нефёда|Нефёду|Нефёда|Нефёдом|Нефёде
Никандр|Никандра|Никандру|Никандра|Никандром|Никандре
Никанор|Никанора|Никанору|Никанора|Никанором|Никаноре
Никита|Никиты|Никите|Никиту|Никитой|Никите
Никифор|Никифора|Никифору|Никифора|Никифором|Никифоре
Никодим|Никодима|Никодиму|Никодима|Никодимом|Никодиме
Николай|Николая|Николаю|Николая|Николаем|Николае
Никола|Николы|Николе|Николу|Николой|Николе
Никон|Никона|Никону|Никона|Никоном|Никоне
Нил|Нила|Нилу|Нила|Нилом|Ниле
Нинел|Нинела|Нинелу|Нинела|Нинелом|Нинеле
Нифонт|Нифонта|Нифонту|Нифонта|Нифонтом|Нифонте
Новомир|Новомира|Новомиру|Новомира|Новомиром|Новомире
Нодар|Нодара|Нодару|Нодара|Нодаром|Нодаре
Ной|Ноя|Ною|Ноя|Ноем|Ное
Норд|Норда|Норду|Норда|Нордом|Норде
Овидий|Овидия|Овидию|Овидия|Овидием|Овидии
Океан|Океана|Океану|Океана|Океаном|Океане
Октавий|Октавия|Октавию|Октавия|Октавием|Октавии
Октавиан|Октавиана|Октавиану|Октавиана|Октавианом|Октавиане
Октябрин|Октябрина|Октябрину|Октябрина|Октябрином|Октябрине
Олав|Олава|Олаву|Олава|Олавом|Олаве
Олаф|Олафа|Олафу|Олафа|Олафом|Олафе
Олег|Олега|Олегу|Олега|Олегом|Олеге
Оливер|Оливера|Оливеру|Оливера|Оливером|Оливере
Олимпиад|Олимпиада|Олимпиаду|Олимпиада|Олимпиадом|Олимпиаде
Олимпий|Олимпия|Олимпию|Олимпия|Олимпием|Олимпии
Ольгерд|Ольгерда|Ольгерду|Ольгерда|Ольгердом|Ольгерде
Омар|Омара|Омару|Омара|Омаром|Омаре
Онисим|Онисима|Онисиму|Онисима|Онисимом|Онисиме
Анисим|Анисима|Анисиму|Анисима|Анисимом|Анисиме
Онуфрий|Онуфрия|Онуфрию|Онуфрия|Онуфрием|Онуфрии
Ануфрий|Ануфрия|Ануфрию|Ануфрия|Ануфрием|Ануфрии
Орентий|Орентия|Орентию|Орентия|Орентием|Орентии
Орест|Ореста|Оресту|Ореста|Орестом|Оресте
Орион|Ориона|Ориону|Ориона|Орионом|Орионе
Осений|Осения|Осению|Осения|Осением|Осении
Есений|Есения|Есению|Есения|Есением|Есении
Осип|Осипа|Осипу|Осипа|Осипом|Осипе
Оскар|Оскара|Оскару|Оскара|Оскаром|Оскаре
Аскар|Аскара|Аскару|Аскара|Аскаром|Аскаре
Остан|Остана|Остану|Остана|Останом|Остане
Остап|Остапа|Остапу|Остапа|Остапом|Остапе
Остромир|Остромира|Остромиру|Остромира|Остромиром|Остромире
Оттон|Оттона|Оттону|Оттона|Оттоном|Оттоне
Павел|Павла|Павлу|Павла|Павлом|Павле
Павлин|Павлина|Павлину|Павлина|Павлином|Павлине
Паисий|Паисия|Паисию|Паисия|Паисием|Паисии
Палладий|Палладия|Палладию|Палладия|Палладием|Палладии
Панкрат|Панкрата|Панкрату|Панкрата|Панкратом|Панкрате
Панкратий|Панкратия|Панкратию|Панкратия|Панкратием|Панкратии
Пантелеймон|Пантелеймона|Пантелеймону|Пантелеймона|Пантелеймоном|Пантелеймоне
Пантелей|Пантелея|Пантелею|Пантелея|Пантелеем|Пантелее
Панфил|Панфила|Панфилу|Панфила|Панфилом|Панфиле
Памфил|Памфила|Памфилу|Памфила|Памфилом|Памфиле
Парамон|Парамона|Парамону|Парамона|Парамоном|Парамоне
Патрикий|Патрикия|Патрикию|Патрикия|Патрикием|Патрикии
Патрикей|Патрикея|Патрикею|Патрикея|Патрикеем|Патрикее
Пахом|Пахома|Пахому|Пахома|Пахомом|Пахоме
Пахомий|Пахомия|Пахомию|Пахомия|Пахомием|Пахомии
Пеон|Пеона|Пеону|Пеона|Пеоном|Пеоне
Пересвет|Пересвета|Пересвету|Пересвета|Пересветом|Пересвете
Пётр|Петра|Петру|Петра|Петром|Петре
Пимен|Пимена|Пимену|Пимена|Пименом|Пимене
Платон|Платона|Платону|Платона|Платоном|Платоне
Полиен|Полиена|Полиену|Полиена|Полиеном|Полиене
Поликарп|Поликарпа|Поликарпу|Поликарпа|Поликарпом|Поликарпе
Помпей|Помпея|Помпею|Помпея|Помпеем|Помпее
Порфирий|Порфирия|Порфирию|Порфирия|Порфирием|Порфирии
Перфилий|Перфилия|Перфилию|Перфилия|Перфилием|Перфилии
Потамий|Потамия|Потамию|Потамия|Потамием|Потамии
Потаний|Потания|Потанию|Потания|Потанием|Потании
Потап|Потапа|Потапу|Потапа|Потапом|Потапе
Патапий|Патапия|Патапию|Патапия|Патапием|Патапии
Пров|Прова|Прову|Прова|Провом|Прове
Прозор|Прозора|Прозору|Прозора|Прозором|Прозоре
Прокофий|Прокофия|Прокофию|Прокофия|Прокофием|Прокофии
Прокопий|Прокопия|Прокопию|Прокопия|Прокопием|Прокопии
Прот|Прота|Проту|Прота|Протом|Проте
Протас|Протаса|Протасу|Протаса|Протасом|Протасе
Прохор|Прохора|Прохору|Прохора|Прохором|Прохоре
Публий|Публия|Публию|Публия|Публием|Публии
Путимир|Путимира|Путимиру|Путимира|Путимиром|Путимире
Путислав|Путислава|Путиславу|Путислава|Путиславом|Путиславе
Равиль|Равиля|Равилю|Равиля|Равилем|Равиле
Равель|Равеля|Равелю|Равеля|Равелем|Равеле
Радамес|Радамеса|Радамесу|Радамеса|Радамесом|Радамесе
Радий|Радия|Радию|Радия|Радием|Радии
Радим|Радима|Радиму|Радима|Радимом|Радиме
Радислав|Радислава|Радиславу|Радислава|Радиславом|Радиславе
Радимир|Радимира|Радимиру|Радимира|Радимиром|Радимире
Радомир|Радомира|Радомиру|Радомира|Радомиром|Радомире
Раймонд|Раймонда|Раймонду|Раймонда|Раймондом|Раймонде
Ральф|Ральфа|Ральфу|Ральфа|Ральфом|Ральфе
Рандольф|Рандольфа|Рандольфу|Рандольфа|Рандольфом|Рандольфе
Ратмир|Ратмира|Ратмиру|Ратмира|Ратмиром|Ратмире
Рауль|Рауля|Раулю|Рауля|Раулем|Рауле
Рафаил|Рафаила|Рафаилу|Рафаила|Рафаилом|Рафаиле
Рафаэль|Рафаэля|Рафаэлю|Рафаэля|Рафаэлем|Рафаэле
Рашид|Рашида|Рашиду|Рашида|Рашидом|Рашиде
Ревмир|Ревмира|Ревмиру|Ревмира|Ревмиром|Ревмире
Рем|Рема|Рему|Рема|Ремом|Реме
Ренальд|Ренальда|Ренальду|Ренальда|Ренальдом|Ренальде
Рональд|Рональда|Рональду|Рональда|Рональдом|Рональде
Ренат|Рената|Ренату|Рената|Ренатом|Ренате
Ринат|Рината|Ринату|Рината|Ринатом|Ринате
Рид|Рида|Риду|Рида|Ридом|Риде
Рим|Рима|Риму|Рима|Римом|Риме
Ричард|Ричарда|Ричарду|Ричарда|Ричардом|Ричарде
Рихард|Рихарда|Рихарду|Рихарда|Рихардом|Рихарде
Роальд|Роальда|Роальду|Роальда|Роальдом|Роальде
Роберт|Роберта|Роберту|Роберта|Робертом|Роберте
Родион|Родиона|Родиону|Родиона|Родионом|Родионе
Родон|Родона|Родону|Родона|Родоном|Родоне
Ролан|Ролана|Ролану|Ролана|Роланом|Ролане
Роланд|Роланда|Роланду|Роланда|Роландом|Роланде
Ромадий|Ромадия|Ромадию|Ромадия|Ромадием|Ромадии
Роман|Романа|Роману|Романа|Романом|Романе
Ромен|Ромена|Ромену|Ромена|Роменом|Ромене
Ромил|Ромила|Ромилу|Ромила|Ромилом|Ромиле
Ромуальд|Ромуальда|Ромуальду|Ромуальда|Ромуальдом|Ромуальде
Ромул|Ромула|Ромулу|Ромула|Ромулом|Ромуле
Рональд|Рональда|Рональду|Рональда|Рональдом|Рональде
Ростислав|Ростислава|Ростиславу|Ростислава|Ростиславом|Ростиславе
Рубен|Рубена|Рубену|Рубена|Рубеном|Рубене
Рувим|Рувима|Рувиму|Рувима|Рувимом|Рувиме
Рудольф|Рудольфа|Рудольфу|Рудольфа|Рудольфом|Рудольфе
Рунар|Рунара|Рунару|Рунара|Рунаром|Рунаре
Руслан|Руслана|Руслану|Руслана|Русланом|Руслане
Рустам|Рустама|Рустаму|Рустама|Рустамом|Рустаме
Рустем|Рустема|Рустему|Рустема|Рустемом|Рустеме
Рушан|Рушана|Рушану|Рушана|Рушаном|Рушане
Рюрик|Рюрика|Рюрику|Рюрика|Рюриком|Рюрике
Сабир|Сабира|Сабиру|Сабира|Сабиром|Сабире
Савва|Саввы|Савве|Савву|Саввой|Савве
Сава|Савы|Саве|Саву|Савой|Саве
Савватий|Савватия|Савватию|Савватия|Савватием|Савватии
Савелий|Савелия|Савелию|Савелия|Савелием|Савелии
Савёл|Савёла|Савёлу|Савёла|Савёлом|Савёле
Савин|Савина|Савину|Савина|Савином|Савине
Сабин|Сабина|Сабину|Сабина|Сабином|Сабине
Садофий|Садофия|Садофию|Садофия|Садофием|Садофии
Садоф|Садофа|Садофу|Садофа|Садофом|Садофе
Саид|Саида|Саиду|Саида|Саидом|Саиде
Салим|Салима|Салиму|Салима|Салимом|Салиме
Самсон|Самсона|Самсону|Самсона|Самсоном|Самсоне
Самуил|Самуила|Самуилу|Самуила|Самуилом|Самуиле
Самойло|Самойлы|Самойле|Самойлу|Самойлой|Самойле
Сарвил|Сарвила|Сарвилу|Сарвила|Сарвилом|Сарвиле
Сервил|Сервила|Сервилу|Сервила|Сервилом|Сервиле
Свет|Света|Свету|Света|Светом|Свете
Светлан|Светлана|Светлану|Светлана|Светланом|Светлане
Светозар|Светозара|Светозару|Светозара|Светозаром|Светозаре
Светослав|Светослава|Светославу|Светослава|Светославом|Светославе
Святогор|Святогора|Святогору|Святогора|Святогором|Святогоре
Святополк|Святополка|Святополку|Святополка|Святополком|Святополке
Святослав|Святослава|Святославу|Святослава|Святославом|Святославе
Севастиан|Севастиана|Севастиану|Севастиана|Севастианом|Севастиане
Севастьян|Севастьяна|Севастьяну|Севастьяна|Севастьяном|Севастьяне
Север|Севера|Северу|Севера|Севером|Севере
Северин|Северина|Северину|Северина|Северином|Северине
Северьян|Северьяна|Северьяну|Северьяна|Северьяном|Северьяне
Севериан|Севериана|Севериану|Севериана|Северианом|Севериане
Северян|Северяна|Северяну|Северяна|Северяном|Северяне
Селевкий|Селевкия|Селевкию|Селевкия|Селевкием|Селевкии
Селиван|Селивана|Селивану|Селивана|Селиваном|Селиване
Селифан|Селифана|Селифану|Селифана|Селифаном|Селифане
Сильван|Сильвана|Сильвану|Сильвана|Сильваном|Сильване
Силван|Силвана|Силвану|Силвана|Силваном|Силване
Семён|Семёна|Семёну|Семёна|Семёном|Семёне
Симеон|Симеона|Симеону|Симеона|Симеоном|Симеоне
Серапион|Серапиона|Серапиону|Серапиона|Серапионом|Серапионе
Серафим|Серафима|Серафиму|Серафима|Серафимом|Серафиме
Сергей|Сергея|Сергею|Сергея|Сергеем|Сергее
Сигизмунд|Сигизмунда|Сигизмунду|Сигизмунда|Сигизмундом|Сигизмунде
Сидор|Сидора|Сидору|Сидора|Сидором|Сидоре
Исидор|Исидора|Исидору|Исидора|Исидором|Исидоре
Сила|Силы|Силе|Силу|Силой|Силе
Силан|Силана|Силану|Силана|Силаном|Силане
Силантий|Силантия|Силантию|Силантия|Силантием|Силантии
Сильвестр|Сильвестра|Сильвестру|Сильвестра|Сильвестром|Сильвестре
Сим|Сима|Симу|Сима|Симом|Симе
Симон|Симона|Симону|Симона|Симоном|Симоне
Смарагд|Смарагда|Смарагду|Смарагда|Смарагдом|Смарагде
Сократ|Сократа|Сократу|Сократа|Сократом|Сократе
Соломон|Соломона|Соломону|Соломона|Соломоном|Соломоне
Софон|Софона|Софону|Софона|Софоном|Софоне
Софроний|Софрония|Софронию|Софрония|Софронием|Софронии
Софрон|Софрона|Софрону|Софрона|Софроном|Софроне
Спартак|Спартака|Спартаку|Спартака|Спартаком|Спартаке
Спиридон|Спиридона|Спиридону|Спиридона|Спиридоном|Спиридоне
Ставр|Ставра|Ставру|Ставра|Ставром|Ставре
Ставер|Ставера|Ставеру|Ставера|Ставером|Ставере
Станислав|Станислава|Станиславу|Станислава|Станиславом|Станиславе
Стахий|Стахия|Стахию|Стахия|Стахием|Стахии
Степан|Степана|Степану|Степана|Степаном|Степане
Стефан|Стефана|Стефану|Стефана|Стефаном|Стефане
Стратилат|Стратилата|Стратилату|Стратилата|Стратилатом|Стратилате
Стратон|Стратона|Стратону|Стратона|Стратоном|Стратоне
Стратоник|Стратоника|Стратонику|Стратоника|Стратоником|Стратонике
Сурен|Сурена|Сурену|Сурена|Суреном|Сурене
Сысой|Сысоя|Сысою|Сысоя|Сысоем|Сысое
Сисой|Сисоя|Сисою|Сисоя|Сисоем|Сисое
Тагир|Тагира|Тагиру|Тагира|Тагиром|Тагире
Таир|Таира|Таиру|Таира|Таиром|Таире
Тамерлан|Тамерлана|Тамерлану|Тамерлана|Тамерланом|Тамерлане
Тарас|Тараса|Тарасу|Тараса|Тарасом|Тарасе
Тарасий|Тарасия|Тарасию|Тарасия|Тарасием|Тарасии
Татиан|Татиана|Татиану|Татиана|Татианом|Татиане
Фатьян|Фатьяна|Фатьяну|Фатьяна|Фатьяном|Фатьяне
Татий|Татия|Татию|Татия|Татием|Татии
Твердимир|Твердимира|Твердимиру|Твердимира|Твердимиром|Твердимире
Твердислав|Твердислава|Твердиславу|Твердислава|Твердиславом|Твердиславе
Теймур|Теймура|Теймуру|Теймура|Теймуром|Теймуре
Теймураз|Теймураза|Теймуразу|Теймураза|Теймуразом|Теймуразе
Тенгиз|Тенгиза|Тенгизу|Тенгиза|Тенгизом|Тенгизе
Теодор|Теодора|Теодору|Теодора|Теодором|Теодоре
Терентий|Терентия|Терентию|Терентия|Терентием|Терентии
Тиверий|Тиверия|Тиверию|Тиверия|Тиверием|Тиверии
Тиберий|Тиберия|Тиберию|Тиберия|Тиберием|Тиберии
Тигран|Тиграна|Тиграну|Тиграна|Тиграном|Тигране
Тигрий|Тигрия|Тигрию|Тигрия|Тигрием|Тигрии
Тиль|Тиля|Тилю|Тиля|Тилем|Тиле
Тимон|Тимона|Тимону|Тимона|Тимоном|Тимоне
Тимофей|Тимофея|Тимофею|Тимофея|Тимофеем|Тимофее
Тимур|Тимура|Тимуру|Тимура|Тимуром|Тимуре
Тит|Тита|Титу|Тита|Титом|Тите
Тихомир|Тихомира|Тихомиру|Тихомира|Тихомиром|Тихомире
Тихон|Тихона|Тихону|Тихона|Тихоном|Тихоне
Товий|Товия|Товию|Товия|Товием|Товии
Том|Тома|Тому|Тома|Томом|Томе
Тристан|Тристана|Тристану|Тристана|Тристаном|Тристане
Трифон|Трифона|Трифону|Трифона|Трифоном|Трифоне
Троадий|Троадия|Троадию|Троадия|Троадием|Троадии
Трофим|Трофима|Трофиму|Трофима|Трофимом|Трофиме
Тувим|Тувима|Тувиму|Тувима|Тувимом|Тувиме
Туллий|Туллия|Туллию|Туллия|Туллием|Туллии
Ульян|Ульяна|Ульяну|Ульяна|Ульяном|Ульяне
Иулиан|Иулиана|Иулиану|Иулиана|Иулианом|Иулиане
Ураний|Урания|Уранию|Урания|Уранием|Урании
Уран|Урана|Урану|Урана|Ураном|Уране
Урван|Урвана|Урвану|Урвана|Урваном|Урване
Урбан|Урбана|Урбану|Урбана|Урбаном|Урбане
Устин|Устина|Устину|Устина|Устином|Устине
Иустин|Иустина|Иустину|Иустина|Иустином|Иустине
Фабиан|Фабиана|Фабиану|Фабиана|Фабианом|Фабиане
Фавст|Фавста|Фавсту|Фавста|Фавстом|Фавсте
Фауст|Фауста|Фаусту|Фауста|Фаустом|Фаусте
Фадей|Фадея|Фадею|Фадея|Фадеем|Фадее
Фаддей|Фаддея|Фаддею|Фаддея|Фаддеем|Фаддее
Фалалей|Фалалея|Фалалею|Фалалея|Фалалеем|Фалалее
Фан|Фана|Фану|Фана|Фаном|Фане
Фарид|Фарида|Фариду|Фарида|Фаридом|Фариде
Фарит|Фарита|Фариту|Фарита|Фаритом|Фарите
Фатьян|Фатьяна|Фатьяну|Фатьяна|Фатьяном|Фатьяне
Феб|Феба|Фебу|Феба|Фебом|Фебе
Февралин|Февралина|Февралину|Февралина|Февралином|Февралине
Федот|Федота|Федоту|Федота|Федотом|Федоте
Феликс|Феликса|Феликсу|Феликса|Феликсом|Феликсе
Феоген|Феогена|Феогену|Феогена|Феогеном|Феогене
Феодосий|Феодосия|Феодосию|Феодосия|Феодосием|Феодосии
Федосий|Федосия|Федосию|Федосия|Федосием|Федосии
Феоктист|Феоктиста|Феоктисту|Феоктиста|Феоктистом|Феоктисте
Фетис|Фетиса|Фетису|Фетиса|Фетисом|Фетисе
Феофан|Феофана|Феофану|Феофана|Феофаном|Феофане
Фофан|Фофана|Фофану|Фофана|Фофаном|Фофане
Феофил|Феофила|Феофилу|Феофила|Феофилом|Феофиле
Феофилакт|Феофилакта|Феофилакту|Феофилакта|Феофилактом|Феофилакте
Ферапонт|Ферапонта|Ферапонту|Ферапонта|Ферапонтом|Ферапонте
Фернан|Фернана|Фернану|Фернана|Фернаном|Фернане
Фёдор|Фёдора|Фёдору|Фёдора|Фёдором|Фёдоре
Фидель|Фиделя|Фиделю|Фиделя|Фиделем|Фиделе
Филарет|Филарета|Филарету|Филарета|Филаретом|Филарете
Филат|Филата|Филату|Филата|Филатом|Филате
Филимон|Филимона|Филимону|Филимона|Филимоном|Филимоне
Филипп|Филиппа|Филиппу|Филиппа|Филиппом|Филиппе
Филон|Филона|Филону|Филона|Филоном|Филоне
Филофей|Филофея|Филофею|Филофея|Филофеем|Филофее
Финоген|Финогена|Финогену|Финогена|Финогеном|Финогене
Фирс|Фирса|Фирсу|Фирса|Фирсом|Фирсе
Фурс|Фурса|Фурсу|Фурса|Фурсом|Фурсе
Флавиан|Флавиана|Флавиану|Флавиана|Флавианом|Флавиане
Флавий|Флавия|Флавию|Флавия|Флавием|Флавии
Флегонт|Флегонта|Флегонту|Флегонта|Флегонтом|Флегонте
Флорентий|Флорентия|Флорентию|Флорентия|Флорентием|Флорентии
Флорентин|Флорентина|Флорентину|Флорентина|Флорентином|Флорентине
Флоренц|Флоренца|Флоренцу|Флоренца|Флоренцем|Флоренце
Флориан|Флориана|Флориану|Флориана|Флорианом|Флориане
Флорин|Флорина|Флорину|Флорина|Флорином|Флорине
Фока|Фоки|Фоке|Фоку|Фокой|Фоке
Фок|Фока|Фоку|Фока|Фоком|Фоке
Фома|Фомы|Фоме|Фому|Фомой|Фоме
Фортунат|Фортуната|Фортунату|Фортуната|Фортунатом|Фортунате
Фотий|Фотия|Фотию|Фотия|Фотием|Фотии
Фот|Фота|Фоту|Фота|Фотом|Фоте
Фотин|Фотина|Фотину|Фотина|Фотином|Фотине
Франк|Франка|Франку|Франка|Франком|Франке
Франц|Франца|Францу|Франца|Францем|Франце
Фридрих|Фридриха|Фридриху|Фридриха|Фридрихом|Фридрихе
Фредерик|Фредерика|Фредерику|Фредерика|Фредериком|Фредерике
Фред|Фреда|Фреду|Фреда|Фредом|Фреде
Фрол|Фрола|Фролу|Фрола|Фролом|Фроле
Флор|Флора|Флору|Флора|Флором|Флоре
Харитон|Харитона|Харитону|Харитона|Харитоном|Харитоне
Храбр|Храбра|Храбру|Храбра|Храбром|Храбре
Хрисанф|Хрисанфа|Хрисанфу|Хрисанфа|Хрисанфом|Хрисанфе
Кирсан|Кирсана|Кирсану|Кирсана|Кирсаном|Кирсане
Христофор|Христофора|Христофору|Христофора|Христофором|Христофоре
Цезарь|Цезаря|Цезарю|Цезаря|Цезарем|Цезаре
Чеслав|Чеслава|Чеславу|Чеслава|Чеславом|Чеславе
Шамиль|Шамиля|Шамилю|Шамиля|Шамилем|Шамиле
Эвальд|Эвальда|Эвальду|Эвальда|Эвальдом|Эвальде
Эдвин|Эдвина|Эдвину|Эдвина|Эдвином|Эдвине
Эдгар|Эдгара|Эдгару|Эдгара|Эдгаром|Эдгаре
Эдуард|Эдуарда|Эдуарду|Эдуарда|Эдуардом|Эдуарде
Эйнар|Эйнара|Эйнару|Эйнара|Эйнаром|Эйнаре
Эльмар|Эльмара|Эльмару|Эльмара|Эльмаром|Эльмаре
Эльмир|Эльмира|Эльмиру|Эльмира|Эльмиром|Эльмире
Эмилиан|Эмилиана|Эмилиану|Эмилиана|Эмилианом|Эмилиане
Емилиан|Емилиана|Емилиану|Емилиана|Емилианом|Емилиане
Емельян|Емельяна|Емельяну|Емельяна|Емельяном|Емельяне
Эмилий|Эмилия|Эмилию|Эмилия|Эмилием|Эмилии
Емилий|Емилия|Емилию|Емилия|Емилием|Емилии
Эмиль|Эмиля|Эмилю|Эмиля|Эмилем|Эмиле
Эммануил|Эммануила|Эммануилу|Эммануила|Эммануилом|Эммануиле
Энвер|Энвера|Энверу|Энвера|Энвером|Энвере
Эразм|Эразма|Эразму|Эразма|Эразмом|Эразме
Еразм|Еразма|Еразму|Еразма|Еразмом|Еразме
Эраст|Эраста|Эрасту|Эраста|Эрастом|Эрасте
Ераст|Ераста|Ерасту|Ераста|Ерастом|Ерасте
Эрий|Эрия|Эрию|Эрия|Эрием|Эрии
Эрик|Эрика|Эрику|Эрика|Эриком|Эрике
Эрих|Эриха|Эриху|Эриха|Эрихом|Эрихе
Эрислав|Эрислава|Эриславу|Эрислава|Эриславом|Эриславе
Эрлен|Эрлена|Эрлену|Эрлена|Эрленом|Эрлене
Эрнест|Эрнеста|Эрнесту|Эрнеста|Эрнестом|Эрнесте
Эрнст|Эрнста|Эрнсту|Эрнста|Эрнстом|Эрнсте
Ювеналий|Ювеналия|Ювеналию|Ювеналия|Ювеналием|Ювеналии
Иувеналий|Иувеналия|Иувеналию|Иувеналия|Иувеналием|Иувеналии
Юджин|Юджина|Юджину|Юджина|Юджином|Юджине
Юлиан|Юлиана|Юлиану|Юлиана|Юлианом|Юлиане
Иулиан|Иулиана|Иулиану|Иулиана|Иулианом|Иулиане
Юлий|Юлия|Юлию|Юлия|Юлием|Юлии
Иулий|Иулия|Иулию|Иулия|Иулием|Иулии
Юрий|Юрия|Юрию|Юрия|Юрием|Юрии
Юстин|Юстина|Юстину|Юстина|Юстином|Юстине
Иустин|Иустина|Иустину|Иустина|Иустином|Иустине
Яков|Якова|Якову|Якова|Яковом|Якове
Иаков|Иакова|Иакову|Иакова|Иаковом|Иакове
Ян|Яна|Яну|Яна|Яном|Яне
Янис|Яниса|Янису|Яниса|Янисом|Янисе
Януар|Януара|Януару|Януара|Януаром|Януаре
Януарий|Януария|Януарию|Януария|Януарием|Януарии
Ианнуарий|Ианнуария|Ианнуарию|Ианнуария|Ианнуарием|Ианнуарии
Ярополк|Ярополка|Ярополку|Ярополка|Ярополком|Ярополке
Ярослав|Ярослава|Ярославу|Ярослава|Ярославом|Ярославе
Юмаш|Юмаша|Юмашу|Юмаша|Юмашем|Юмаше
Жорж|Жоржа|Жоржу|Жоржа|Жоржем|Жорже
Ференц|Ференца|Ференцу|Ференца|Ференцем|Ференце
Казбич|Казбича|Казбичу|Казбича|Казбичем|Казбиче